<html>
<body>
<pre>
<h1>µVision Build Log</h1>
<h2>Tool Versions:</h2>
IDE-Version: •ÏVision V5.42.0.0
Copyright (C) 2025 ARM Ltd and ARM Germany GmbH. All rights reserved.
License Information: suh suhjinho123@outlook.kr, amers, LIC=Y2B1Q-NDWHH-17BRR-KJCVB-VQY63-QP0M0
 
Tool Versions:
Toolchain:       MDK-ARM Professional  Version: 5.42.0.0
Toolchain Path:  C:\Users\suhji\AppData\Local\Keil_v5\ARM\ARMCC\Bin
C Compiler:      Armcc.exe V5.06 update 7 (build 960)
Assembler:       Armasm.exe V5.06 update 7 (build 960)
Linker/Locator:  ArmLink.exe V5.06 update 7 (build 960)
Library Manager: ArmAr.exe V5.06 update 7 (build 960)
Hex Converter:   FromElf.exe V5.06 update 7 (build 960)
CPU DLL:         SARMCM3.DLL V5.42.0.0
Dialog DLL:      DARMCM1.DLL V1.19.6.0
Target DLL:      CMSIS_AGDI.dll V1.33.22.0
Dialog DLL:      TARMCM1.DLL V1.14.6.0
 
<h2>Project:</h2>
C:\sjh\FW\NA-02F_v005\FW\NA-02F_250821\KEIL_proj.uvprojx
Project File Date:  08/13/2025

<h2>Output:</h2>
*** Using Compiler 'V5.06 update 7 (build 960)', folder: 'C:\Users\suhji\AppData\Local\Keil_v5\ARM\ARMCC\Bin'
Rebuild target 'Target 1'
compiling xprintf.c...
compiling system_A31G21x.c...
compiling main.c...
compiling Irq.c...
compiling SystemClock.c...
compiling hal.c...
compiling Init.c...
compiling key.c...
Source\Main\key.c(56): warning:  #186-D: pointless comparison of unsigned integer with zero
  			if(double_press_cnt >= DOUBLE_PRESS_TIME)
Source\Main\key.c: 1 warning, 0 errors
compiling sound.c...
compiling queue.c...
compiling app_sensing.c...
compiling app_ctl.c...
compiling app_normal.c...
compiling app_data.c...
compiling app_setting.c...
compiling sensor.c...
Source\Main\sensor.c(277): warning:  #550-D: variable "is_sener_low_impedance"  was set but never used
  	static uint8_t is_sener_low_impedance = 1;
Source\Main\sensor.c(287): warning:  #550-D: variable "charging_avg_high_impedance"  was set but never used
  	static uint16_t charging_avg_high_impedance[AVG_CNT_MAX];
Source\Main\sensor.c(288): warning:  #550-D: variable "discharging_avg_high_impedance"  was set but never used
  	static uint16_t discharging_avg_high_impedance[AVG_CNT_MAX];
Source\Main\sensor.c: 3 warnings, 0 errors
compiling io.c...
assembling startup_A31G21x.s...
compiling flash.c...
compiling modbus.c...
compiling fnd.c...
compiling A31G21x_hal_adc.c...
compiling A31G21x_hal_crc.c...
compiling A31G21x_hal_debug_frmwrk.c...
compiling A31G21x_hal_i2c.c...
compiling A31G21x_hal_pcu.c...
compiling A31G21x_hal_pwr.c...
compiling A31G21x_hal_scu.c...
compiling A31G21x_hal_timer1n.c...
compiling A31G21x_hal_timer2n.c...
compiling A31G21x_hal_uartn.c...
compiling A31G21x_hal_timer30.c...
compiling A31G21x_hal_usart1n.c...
compiling A31G21x_hal_wdt.c...
compiling A31G21x_hal_wt.c...
linking...
Program Size: Code=24812 RO-data=3912 RW-data=516 ZI-data=916  
FromELF: creating hex file...
".\Objects\KEIL_proj.axf" - 0 Error(s), 4 Warning(s).

<h2>Software Packages used:</h2>

Package Vendor: ARM
                https://www.keil.com/pack/ARM.CMSIS.6.1.0.pack
                ARM::CMSIS@6.1.0
                CMSIS (Common Microcontroller Software Interface Standard)
   * Component: CORE Version: 6.1.0

Package Vendor: ARM
                https://www.keil.com/pack/ARM.Cortex_DFP.1.1.0.pack
                ARM::Cortex_DFP@1.1.0
                ARM Cortex Reference Subsystems Device Family Pack

<h2>Collection of Component include folders:</h2>
  ./RTE/_Target_1
  C:/Users/suhji/AppData/Local/Arm/Packs/ARM/CMSIS/6.1.0/CMSIS/Core/Include
  C:/Users/suhji/AppData/Local/Arm/Packs/ARM/Cortex_DFP/1.1.0/Device/ARMCM0plus/Include

<h2>Collection of Component Files used:</h2>

   * Component: ARM::CMSIS:CORE@6.1.0
Build Time Elapsed:  00:00:02
</pre>
</body>
</html>
