Component: ARM Compiler 5.06 update 7 (build 960) Tool: armlink [4d3601]

==============================================================================

Section Cross References

    system_a31g21x.o(i.SystemCoreClockUpdate) refers to system_a31g21x.o(.data) for SystemCoreClock
    system_a31g21x.o(i.SystemInit) refers to system_a31g21x.o(.data) for SystemCoreClock
    init.o(i.Init) refers to init.o(i.Init_GPIO) for Init_GPIO
    init.o(i.Init) refers to systemclock.o(i.SystemClock_Config) for SystemClock_Config
    main.o(i.SysTick_ExceptionHandler_IT) refers to hal.o(i.decrease_msdelay1) for decrease_msdelay1
    main.o(i.SysTick_ExceptionHandler_IT) refers to main.o(.data) for msec_1ms
    main.o(i.main) refers to init.o(i.Init) for Init
    main.o(i.main) refers to aeabi_sdiv.o(.text) for __aeabi_uidivmod
    main.o(i.main) refers to main.o(i.NVIC_SetPriority) for NVIC_SetPriority
    main.o(i.main) refers to app_ctl.o(i.task_start) for task_start
    main.o(i.main) refers to app_ctl.o(i.task_1ms) for task_1ms
    main.o(i.main) refers to app_ctl.o(i.task_10ms) for task_10ms
    main.o(i.main) refers to app_ctl.o(i.task_100ms) for task_100ms
    main.o(i.main) refers to app_ctl.o(i.task_1000ms) for task_1000ms
    main.o(i.main) refers to app_ctl.o(i.task_idle) for task_idle
    main.o(i.main) refers to system_a31g21x.o(.data) for SystemCoreClock
    main.o(i.main) refers to main.o(.data) for msec_1ms
    irq.o(i.SysTick_Handler) refers to main.o(i.SysTick_ExceptionHandler_IT) for SysTick_ExceptionHandler_IT
    irq.o(i.TIMER10_IRQHandler) refers to hal.o(i.TIMER10_IRQHandler_IT) for TIMER10_IRQHandler_IT
    irq.o(i.USART11_IRQHandler) refers to hal.o(i.UART11_IRQHandler_IT) for UART11_IRQHandler_IT
    systemclock.o(i.SystemClock_Config) refers to a31g21x_hal_scu.o(i.HAL_SCU_HSI_ClockConfig) for HAL_SCU_HSI_ClockConfig
    systemclock.o(i.SystemClock_Config) refers to system_a31g21x.o(.data) for SystemCoreClock
    xprintf.o(i.put_dump) refers to xprintf.o(i.xprintf) for xprintf
    xprintf.o(i.put_dump) refers to xprintf.o(i.xputc) for xputc
    xprintf.o(i.xfprintf) refers to xprintf.o(i.xvprintf) for xvprintf
    xprintf.o(i.xfprintf) refers to xprintf.o(.data) for xfunc_out
    xprintf.o(i.xfputs) refers to xprintf.o(i.xputc) for xputc
    xprintf.o(i.xfputs) refers to xprintf.o(.data) for xfunc_out
    xprintf.o(i.xprintf) refers to xprintf.o(i.xvprintf) for xvprintf
    xprintf.o(i.xputc) refers to xprintf.o(.data) for outptr
    xprintf.o(i.xputs) refers to xprintf.o(i.xputc) for xputc
    xprintf.o(i.xsprintf) refers to xprintf.o(i.xvprintf) for xvprintf
    xprintf.o(i.xsprintf) refers to xprintf.o(.data) for outptr
    xprintf.o(i.xvprintf) refers to xprintf.o(i.xputc) for xputc
    xprintf.o(i.xvprintf) refers to xprintf.o(i.xputs) for xputs
    xprintf.o(i.xvprintf) refers to aeabi_sdiv.o(.text) for __aeabi_uidivmod
    hal.o(i.ADC_Configure) refers to a31g21x_hal_adc.o(i.HAL_ADC_Init) for HAL_ADC_Init
    hal.o(i.ADC_Configure) refers to hal.o(i.Error_Handler) for Error_Handler
    hal.o(i.ADC_Configure) refers to a31g21x_hal_adc.o(i.HAL_ADC_ConfigInterrupt) for HAL_ADC_ConfigInterrupt
    hal.o(i.ADC_Configure) refers to hal.o(i.NVIC_SetPriority) for NVIC_SetPriority
    hal.o(i.ADC_Configure) refers to hal.o(i.NVIC_EnableIRQ) for NVIC_EnableIRQ
    hal.o(i.Error_Handler) refers to fnd.o(i.fnd_set_blink) for fnd_set_blink
    hal.o(i.Error_Handler) refers to fnd.o(i.fnd_put_line) for fnd_put_line
    hal.o(i.GPIO_Configure) refers to a31g21x_hal_pcu.o(i.HAL_GPIO_ConfigOutput) for HAL_GPIO_ConfigOutput
    hal.o(i.GPIO_Configure) refers to a31g21x_hal_pcu.o(i.HAL_GPIO_ConfigPullup) for HAL_GPIO_ConfigPullup
    hal.o(i.GPIO_Configure) refers to a31g21x_hal_pcu.o(i.HAL_GPIO_ClearPin) for HAL_GPIO_ClearPin
    hal.o(i.GPIO_Configure) refers to a31g21x_hal_pcu.o(i.HAL_GPIO_ConfigFunction) for HAL_GPIO_ConfigFunction
    hal.o(i.I2C_Configure) refers to a31g21x_hal_i2c.o(i.HAL_I2C_DeInit) for HAL_I2C_DeInit
    hal.o(i.I2C_Configure) refers to a31g21x_hal_i2c.o(i.HAL_I2C_Init) for HAL_I2C_Init
    hal.o(i.I2C_Configure) refers to hal.o(i.Error_Handler) for Error_Handler
    hal.o(i.TIMER10_IRQHandler_IT) refers to a31g21x_hal_timer1n.o(i.HAL_TIMER1n_GetMatchInterrupt) for HAL_TIMER1n_GetMatchInterrupt
    hal.o(i.TIMER10_IRQHandler_IT) refers to app_ctl.o(i.task_1ms_interrupt) for task_1ms_interrupt
    hal.o(i.TIMER10_IRQHandler_IT) refers to app_ctl.o(i.task_100us_interrupt) for task_100us_interrupt
    hal.o(i.TIMER10_IRQHandler_IT) refers to a31g21x_hal_timer1n.o(i.HAL_TIMER1n_ClearMatchInterrupt) for HAL_TIMER1n_ClearMatchInterrupt
    hal.o(i.TIMER10_IRQHandler_IT) refers to hal.o(.data) for time_cnt
    hal.o(i.TIMER1n_Configure) refers to a31g21x_hal_scu.o(i.HAL_SCU_Timer1n_ClockConfig) for HAL_SCU_Timer1n_ClockConfig
    hal.o(i.TIMER1n_Configure) refers to a31g21x_hal_timer1n.o(i.HAL_TIMER1n_Init) for HAL_TIMER1n_Init
[...]
    i.setting_snr_pt1                        0x000054a4   Section        0  app_setting.o(i.setting_snr_pt1)
    i.setting_snr_pt2                        0x0000562c   Section        0  app_setting.o(i.setting_snr_pt2)
    i.setting_snr_sv_max1                    0x000057b4   Section        0  app_setting.o(i.setting_snr_sv_max1)
    i.setting_snr_sv_max2                    0x0000593c   Section        0  app_setting.o(i.setting_snr_sv_max2)
    i.sound_loop                             0x00005ac4   Section        0  sound.o(i.sound_loop)
    i.task_1000ms                            0x00005ba4   Section        0  app_ctl.o(i.task_1000ms)
    i.task_100ms                             0x00005bbc   Section        0  app_ctl.o(i.task_100ms)
    i.task_100us_interrupt                   0x00005bcc   Section        0  app_ctl.o(i.task_100us_interrupt)
    i.task_10ms                              0x00005bd4   Section        0  app_ctl.o(i.task_10ms)
    i.task_1ms                               0x00005bdc   Section        0  app_ctl.o(i.task_1ms)
    i.task_1ms_interrupt                     0x00005be4   Section        0  app_ctl.o(i.task_1ms_interrupt)
    i.task_idle                              0x00005bec   Section        0  app_ctl.o(i.task_idle)
    i.task_start                             0x00005bf4   Section        0  app_ctl.o(i.task_start)
    i.tt_flash_iap_pgm                       0x00005c10   Section        0  hal.o(i.tt_flash_iap_pgm)
    i.uart_tx                                0x00005c2c   Section        0  hal.o(i.uart_tx)
    i.update_st_data                         0x00005c58   Section        0  app_normal.o(i.update_st_data)
    i.update_st_error_t                      0x00005c68   Section        0  app_normal.o(i.update_st_error_t)
    i.update_st_relay                        0x00005d04   Section        0  app_normal.o(i.update_st_relay)
    x$fpl$fadd                               0x00005fa0   Section      140  faddsub.o(x$fpl$fadd)
    _fadd1                                   0x00005fad   Thumb Code     0  faddsub.o(x$fpl$fadd)
    x$fpl$fmul                               0x0000602c   Section      176  fmul.o(x$fpl$fmul)
    x$fpl$fsub                               0x000060dc   Section      208  faddsub.o(x$fpl$fsub)
    _fsub1                                   0x000060e9   Thumb Code     0  faddsub.o(x$fpl$fsub)
    .constdata                               0x000061ac   Section        2  app_sensing.o(.constdata)
    x$fpl$usenofp                            0x000061ac   Section        0  usenofp.o(x$fpl$usenofp)
    .constdata                               0x000061ae   Section        8  app_setting.o(.constdata)
    pow10                                    0x000061ae   Data           8  app_setting.o(.constdata)
    .constdata                               0x000061b6   Section      512  modbus.o(.constdata)
    crc_table                                0x000061b6   Data         512  modbus.o(.constdata)
    .constdata                               0x000063b6   Section       62  fnd.o(.constdata)
    fnd_number_font                          0x000063b6   Data          10  fnd.o(.constdata)
    fnd_lower_font                           0x000063c0   Data          26  fnd.o(.constdata)
    fnd_upper_font                           0x000063da   Data          26  fnd.o(.constdata)
    .constdata                               0x000063f4   Section       64  fdiv.o(.constdata)
    fdiv_tab                                 0x000063f4   Data          64  fdiv.o(.constdata)
    .ARM.__AT_0x00007000                     0x00007000   Section       50  app_data.o(.ARM.__AT_0x00007000)
    .data                                    0x20000000   Section        8  system_a31g21x.o(.data)
    .data                                    0x20000008   Section        8  main.o(.data)
    msec_1ms                                 0x20000008   Data           2  main.o(.data)
    msec_10ms                                0x2000000a   Data           2  main.o(.data)
    msec_100ms                               0x2000000c   Data           2  main.o(.data)
    msec_1000ms                              0x2000000e   Data           2  main.o(.data)
    .data                                    0x20000010   Section        6  hal.o(.data)
    delay_time                               0x20000010   Data           4  hal.o(.data)
    time_cnt                                 0x20000014   Data           1  hal.o(.data)
    pf4_toggle                               0x20000015   Data           1  hal.o(.data)
    .data                                    0x20000016   Section        8  key.o(.data)
    key_event                                0x20000016   Data           1  key.o(.data)
    key_press_type                           0x20000017   Data           1  key.o(.data)
    press_cnt                                0x20000018   Data           2  key.o(.data)
    last_key_press_type                      0x2000001a   Data           1  key.o(.data)
    double_press                             0x2000001b   Data           1  key.o(.data)
    double_press_cnt                         0x2000001c   Data           2  key.o(.data)
    .data                                    0x2000001e   Section       10  sound.o(.data)
    tone_freq_MAX                            0x2000001e   Data           2  sound.o(.data)
    tone_start_flag                          0x20000020   Data           1  sound.o(.data)
    tone_on_flag                             0x20000021   Data           1  sound.o(.data)
    is_tone_on                               0x20000022   Data           1  sound.o(.data)
    tone_time_cnt                            0x20000024   Data           2  sound.o(.data)
    tone_freq_cnt                            0x20000026   Data           2  sound.o(.data)
    .data                                    0x20000028   Section       42  app_sensing.o(.data)
    sensor_zone                              0x20000028   Data           4  app_sensing.o(.data)
    diff_dis_impedance                       0x2000002c   Data           4  app_sensing.o(.data)
    cal_impedance                            0x20000030   Data           4  app_sensing.o(.data)
    snr_pof_cnt                              0x20000034   Data           4  app_sensing.o(.data)
    detect_cnt                               0x20000038   Data           4  app_sensing.o(.data)
    wet_cnt                                  0x2000003c   Data           4  app_sensing.o(.data)
    leak_cnt                                 0x20000040   Data           4  app_sensing.o(.data)
    broken_cnt                               0x20000044   Data           4  app_sensing.o(.data)
    short_cnt                                0x20000048   Data           4  app_sensing.o(.data)
    pwroff_st                                0x2000004c   Data           4  app_sensing.o(.data)
    is_wet                                   0x20000050   Data           2  app_sensing.o(.data)
    .data                                    0x20000052   Section        2  app_ctl.o(.data)
    app_state                                0x20000052   Data           1  app_ctl.o(.data)
    init_sub_state                           0x20000053   Data           1  app_ctl.o(.data)
    .data                                    0x20000054   Section       23  app_normal.o(.data)
    snr_value                                0x20000054   Data           2  app_normal.o(.data)
    snr_error_time                           0x20000056   Data           4  app_normal.o(.data)
    snr_impedance                            0x2000005a   Data           2  app_normal.o(.data)
    snr_off_time                             0x2000005c   Data           2  app_normal.o(.data)
    snr_on_time                              0x2000005e   Data           2  app_normal.o(.data)
    is_setting_mode                          0x20000060   Data           1  app_normal.o(.data)
    auto_rcv_off                             0x20000061   Data           1  app_normal.o(.data)
    leak_relay_out                           0x20000062   Data           2  app_normal.o(.data)
    broken_relay_out                         0x20000064   Data           2  app_normal.o(.data)
    ar_out                                   0x20000066   Data           2  app_normal.o(.data)
    normal_state                             0x20000068   Data           1  app_normal.o(.data)
    display_st                               0x20000069   Data           1  app_normal.o(.data)
    snr_cnt                                  0x2000006a   Data           1  app_normal.o(.data)
    .data                                    0x2000006c   Section      280  app_setting.o(.data)
    menu_cnt                                 0x200000d0   Data           1  app_setting.o(.data)
    enter                                    0x200000d1   Data           1  app_setting.o(.data)
    ad                                       0x200000d4   Data           4  app_setting.o(.data)
    digit                                    0x200000d8   Data           1  app_setting.o(.data)
    dignum                                   0x200000d9   Data           1  app_setting.o(.data)
    enter                                    0x200000da   Data           1  app_setting.o(.data)
    ad                                       0x200000dc   Data           4  app_setting.o(.data)
    digit                                    0x200000e0   Data           1  app_setting.o(.data)
    dignum                                   0x200000e1   Data           1  app_setting.o(.data)
    enter                                    0x200000e2   Data           1  app_setting.o(.data)
    ad                                       0x200000e4   Data           4  app_setting.o(.data)
    digit                                    0x200000e8   Data           1  app_setting.o(.data)
    dignum                                   0x200000e9   Data           1  app_setting.o(.data)
    enter                                    0x200000ea   Data           1  app_setting.o(.data)
    ad                                       0x200000ec   Data           4  app_setting.o(.data)
    digit                                    0x200000f0   Data           1  app_setting.o(.data)
    dignum                                   0x200000f1   Data           1  app_setting.o(.data)
    enter                                    0x200000f2   Data           1  app_setting.o(.data)
    ad                                       0x200000f4   Data           4  app_setting.o(.data)
    digit                                    0x200000f8   Data           1  app_setting.o(.data)
    dignum                                   0x200000f9   Data           1  app_setting.o(.data)
    enter                                    0x200000fa   Data           1  app_setting.o(.data)
    ad                                       0x200000fc   Data           4  app_setting.o(.data)
    digit                                    0x20000100   Data           1  app_setting.o(.data)
    dignum                                   0x20000101   Data           1  app_setting.o(.data)
    enter                                    0x20000102   Data           1  app_setting.o(.data)
    ad                                       0x20000104   Data           4  app_setting.o(.data)
    digit                                    0x20000108   Data           1  app_setting.o(.data)
    dignum                                   0x20000109   Data           1  app_setting.o(.data)
    enter                                    0x2000010a   Data           1  app_setting.o(.data)
    ad                                       0x2000010c   Data           4  app_setting.o(.data)
    digit                                    0x20000110   Data           1  app_setting.o(.data)
    dignum                                   0x20000111   Data           1  app_setting.o(.data)
    enter                                    0x20000112   Data           1  app_setting.o(.data)
    ad                                       0x20000114   Data           4  app_setting.o(.data)
    digit                                    0x20000118   Data           1  app_setting.o(.data)
    dignum                                   0x20000119   Data           1  app_setting.o(.data)
    enter                                    0x2000011a   Data           1  app_setting.o(.data)
    ad                                       0x2000011c   Data           4  app_setting.o(.data)
    digit                                    0x20000120   Data           1  app_setting.o(.data)
    dignum                                   0x20000121   Data           1  app_setting.o(.data)
    enter                                    0x20000122   Data           1  app_setting.o(.data)
    ad                                       0x20000124   Data           4  app_setting.o(.data)
    digit                                    0x20000128   Data           1  app_setting.o(.data)
    dignum                                   0x20000129   Data           1  app_setting.o(.data)
    enter                                    0x2000012a   Data           1  app_setting.o(.data)
    ad                                       0x2000012c   Data           4  app_setting.o(.data)
    digit                                    0x20000130   Data           1  app_setting.o(.data)
    dignum                                   0x20000131   Data           1  app_setting.o(.data)
    enter                                    0x20000132   Data           1  app_setting.o(.data)
    ad                                       0x20000134   Data           4  app_setting.o(.data)
    digit                                    0x20000138   Data           1  app_setting.o(.data)
    dignum                                   0x20000139   Data           1  app_setting.o(.data)
    enter                                    0x2000013a   Data           1  app_setting.o(.data)
    ad                                       0x2000013c   Data           4  app_setting.o(.data)
    digit                                    0x20000140   Data           1  app_setting.o(.data)
    dignum                                   0x20000141   Data           1  app_setting.o(.data)
    enter                                    0x20000142   Data           1  app_setting.o(.data)
    ad                                       0x20000144   Data           4  app_setting.o(.data)
    digit                                    0x20000148   Data           1  app_setting.o(.data)
    dignum                                   0x20000149   Data           1  app_setting.o(.data)
    enter                                    0x2000014a   Data           1  app_setting.o(.data)
    ad                                       0x2000014c   Data           4  app_setting.o(.data)
    digit                                    0x20000150   Data           1  app_setting.o(.data)
    dignum                                   0x20000151   Data           1  app_setting.o(.data)
    enter                                    0x20000152   Data           1  app_setting.o(.data)
    ad                                       0x20000154   Data           4  app_setting.o(.data)
    digit                                    0x20000158   Data           1  app_setting.o(.data)
    dignum                                   0x20000159   Data           1  app_setting.o(.data)
    enter                                    0x2000015a   Data           1  app_setting.o(.data)
    ad                                       0x2000015c   Data           4  app_setting.o(.data)
    digit                                    0x20000160   Data           1  app_setting.o(.data)
    dignum                                   0x20000161   Data           1  app_setting.o(.data)
    chk                                      0x20000162   Data           1  app_setting.o(.data)
    enter                                    0x20000163   Data           1  app_setting.o(.data)
    chk                                      0x20000164   Data           1  app_setting.o(.data)
    enter                                    0x20000165   Data           1  app_setting.o(.data)
    chk                                      0x20000166   Data           1  app_setting.o(.data)
    enter                                    0x20000167   Data           1  app_setting.o(.data)
    chk                                      0x20000168   Data           1  app_setting.o(.data)
    enter                                    0x20000169   Data           1  app_setting.o(.data)
    chk                                      0x2000016a   Data           1  app_setting.o(.data)
    enter                                    0x2000016b   Data           1  app_setting.o(.data)
    ad                                       0x2000016c   Data           4  app_setting.o(.data)
    enter                                    0x20000170   Data           1  app_setting.o(.data)
    digit                                    0x20000171   Data           1  app_setting.o(.data)
    dignum                                   0x20000172   Data           1  app_setting.o(.data)
    chk                                      0x20000173   Data           1  app_setting.o(.data)
    enter                                    0x20000174   Data           1  app_setting.o(.data)
    ver                                      0x20000176   Data           2  app_setting.o(.data)
    enter                                    0x20000178   Data           1  app_setting.o(.data)
    enter                                    0x20000179   Data           1  app_setting.o(.data)
    ad                                       0x2000017c   Data           4  app_setting.o(.data)
    digit                                    0x20000180   Data           1  app_setting.o(.data)
    dignum                                   0x20000181   Data           1  app_setting.o(.data)
    chk                                      0x20000182   Data           1  app_setting.o(.data)
    enter                                    0x20000183   Data           1  app_setting.o(.data)
    .data                                    0x20000184   Section        2  queue.o(.data)
    front                                    0x20000184   Data           1  queue.o(.data)
    rear                                     0x20000185   Data           1  queue.o(.data)
    .data                                    0x20000188   Section       74  sensor.o(.data)
    sensor_on                                0x20000188   Data           2  sensor.o(.data)
    sensor_index_cnt                         0x2000018a   Data           1  sensor.o(.data)
    sensor_impedance                         0x2000018e   Data           8  sensor.o(.data)
    snr_keep_cnt                             0x20000198   Data           8  sensor.o(.data)
    snr_pwoff_cnt                            0x200001a0   Data           8  sensor.o(.data)
    sensor_ready                             0x200001a8   Data           1  sensor.o(.data)
    is_sener_chraging                        0x200001a9   Data           1  sensor.o(.data)
    is_sener_low_impedance                   0x200001aa   Data           1  sensor.o(.data)
    charging_low_impedance                   0x200001ac   Data           4  sensor.o(.data)
    charging_high_impedance                  0x200001b0   Data           4  sensor.o(.data)
    discharging_low_impedance                0x200001b4   Data           4  sensor.o(.data)
    discharging_high_impedance               0x200001b8   Data           4  sensor.o(.data)
    charging_avg_low_impedance               0x200001bc   Data           4  sensor.o(.data)
    discharging_avg_low_impedance            0x200001c0   Data           4  sensor.o(.data)
    charging_avg_high_impedance              0x200001c4   Data           4  sensor.o(.data)
    discharging_avg_high_impedance           0x200001c8   Data           4  sensor.o(.data)
    senser_cnt                               0x200001cc   Data           2  sensor.o(.data)
    senser_avg_cnt                           0x200001ce   Data           2  sensor.o(.data)
    t_snr_detail_cnt                         0x200001d0   Data           2  sensor.o(.data)
    .data                                    0x200001d2   Section       22  modbus.o(.data)
    function_code                            0x200001d2   Data           1  modbus.o(.data)
    address                                  0x200001d4   Data           2  modbus.o(.data)
    n_of_data                                0x200001d6   Data           2  modbus.o(.data)
    rcv_data_byte                            0x200001d8   Data           1  modbus.o(.data)
    packet_crc                               0x200001da   Data           2  modbus.o(.data)
    modbus_lock_cnt                          0x200001dc   Data           2  modbus.o(.data)
    crc_word                                 0x200001de   Data           2  modbus.o(.data)
    packet_status                            0x200001e0   Data           1  modbus.o(.data)
    data_cnt                                 0x200001e1   Data           1  modbus.o(.data)
    packet_time_out                          0x200001e2   Data           1  modbus.o(.data)
    modbud_err_code                          0x200001e3   Data           1  modbus.o(.data)
    status                                   0x200001e4   Data           1  modbus.o(.data)
    len                                      0x200001e6   Data           2  modbus.o(.data)
    .data                                    0x200001e8   Section       11  fnd.o(.data)
    brightness_max                           0x200001e8   Data           1  fnd.o(.data)
    fnd_data                                 0x200001e9   Data           4  fnd.o(.data)
    fnd_blink                                0x200001ed   Data           1  fnd.o(.data)
    com_loop                                 0x200001ee   Data           1  fnd.o(.data)
    blink_cnt                                0x200001f0   Data           2  fnd.o(.data)
    tblink                                   0x200001f2   Data           1  fnd.o(.data)
    .data                                    0x200001f4   Section        4  a31g21x_hal_usart1n.o(.data)
    .bss                                     0x200001f8   Section       80  sound.o(.bss)
    tone_freq                                0x200001f8   Data          80  sound.o(.bss)
    .bss                                     0x20000248   Section       50  app_data.o(.bss)
    app_data                                 0x20000248   Data          50  app_data.o(.bss)
    .bss                                     0x2000027a   Section       10  queue.o(.bss)
    queue                                    0x2000027a   Data          10  queue.o(.bss)
    .bss                                     0x20000284   Section       16  sensor.o(.bss)
    sensor_dis_impedance                     0x20000284   Data          16  sensor.o(.bss)
    .bss                                     0x20000294   Section      148  modbus.o(.bss)
    rcv_data                                 0x20000294   Data          20  modbus.o(.bss)
    rx_data                                  0x200002a8   Data          88  modbus.o(.bss)
    modbusmap                                0x20000300   Data          40  modbus.o(.bss)
    .bss                                     0x20000328   Section       96  libspace.o(.bss)
    HEAP                                     0x20000388   Section        0  startup_a31g21x.o(HEAP)
    STACK                                    0x20000388   Section      512  startup_a31g21x.o(STACK)
    Heap_Mem                                 0x20000388   Data           0  startup_a31g21x.o(HEAP)
    Stack_Mem                                0x20000388   Data         512  startup_a31g21x.o(STACK)
    __initial_sp                             0x20000588   Data           0  startup_a31g21x.o(STACK)

    Global Symbols

    Symbol Name                              Value     Ov Type        Size  Object(Section)

    BuildAttributes$$THM_ISAv3M$S$PE$A:L22$X:L11$S22$IEEE1$IW$USESV6$~STKCKD$USESV7$~SHL$OSPACE$ROPI$EBA8$UX$STANDARDLIB$REQ8$PRES8$EABIv2 0x00000000   Number         0  anon$$obj.o ABSOLUTE
    __ARM_use_no_argv                        0x00000000   Number         0  main.o ABSOLUTE
    __Vectors                                0x00000000   Data           4  startup_a31g21x.o(RESET)
    __ARM_exceptions_init                     - Undefined Weak Reference
    __alloca_initialize                       - Undefined Weak Reference
    __arm_fini_                               - Undefined Weak Reference
    __arm_preinit_                            - Undefined Weak Reference
    __cpp_initialize__aeabi_                  - Undefined Weak Reference
    __cxa_finalize                            - Undefined Weak Reference
    __rt_locale                               - Undefined Weak Reference
    __sigvec_lookup                           - Undefined Weak Reference
    _atexit_init                              - Undefined Weak Reference
    _call_atexit_fns                          - Undefined Weak Reference
    _clock_init                               - Undefined Weak Reference
    _fp_trap_init                             - Undefined Weak Reference
    _fp_trap_shutdown                         - Undefined Weak Reference
    _get_lc_collate                           - Undefined Weak Reference
    _get_lc_ctype                             - Undefined Weak Reference
    _get_lc_monetary                          - Undefined Weak Reference
    _get_lc_numeric                           - Undefined Weak Reference
    _get_lc_time                              - Undefined Weak Reference
    _getenv_init                              - Undefined Weak Reference
    _handle_redirection                       - Undefined Weak Reference
    _init_alloc                               - Undefined Weak Reference
    _init_user_alloc                          - Undefined Weak Reference
    _initio                                   - Undefined Weak Reference
    _rand_init                                - Undefined Weak Reference
    _signal_finish                            - Undefined Weak Reference
    _signal_init                              - Undefined Weak Reference
    _terminate_alloc                          - Undefined Weak Reference
    _terminate_user_alloc                     - Undefined Weak Reference
    _terminateio                              - Undefined Weak Reference
    __main                                   0x000000c1   Thumb Code     8  __main.o(!!!main)
    __scatterload                            0x000000c9   Thumb Code     0  __scatter.o(!!!scatter)
    __scatterload_rt2                        0x000000c9   Thumb Code    52  __scatter.o(!!!scatter)
    __scatterload_rt2_thumb_only             0x000000c9   Thumb Code     0  __scatter.o(!!!scatter)
    __scatterload_null                       0x000000d9   Thumb Code     0  __scatter.o(!!!scatter)
    __scatterload_zeroinit                   0x00000105   Thumb Code    28  __scatter_zi.o(!!handler_zi)
    __rt_lib_init                            0x00000121   Thumb Code     0  libinit.o(.ARM.Collect$$libinit$$00000000)
    __rt_lib_init_alloca_1                   0x00000123   Thumb Code     0  libinit2.o(.ARM.Collect$$libinit$$0000002E)
    __rt_lib_init_argv_1                     0x00000123   Thumb Code     0  libinit2.o(.ARM.Collect$$libinit$$0000002C)
    __rt_lib_init_atexit_1                   0x00000123   Thumb Code     0  libinit2.o(.ARM.Collect$$libinit$$0000001B)
    __rt_lib_init_clock_1                    0x00000123   Thumb Code     0  libinit2.o(.ARM.Collect$$libinit$$00000021)
    __rt_lib_init_cpp_1                      0x00000123   Thumb Code     0  libinit2.o(.ARM.Collect$$libinit$$00000032)
    __rt_lib_init_exceptions_1               0x00000123   Thumb Code     0  libinit2.o(.ARM.Collect$$libinit$$00000030)
    __rt_lib_init_fp_1                       0x00000123   Thumb Code     0  libinit2.o(.ARM.Collect$$libinit$$00000002)
    __rt_lib_init_fp_trap_1                  0x00000123   Thumb Code     0  libinit2.o(.ARM.Collect$$libinit$$0000001F)
    __rt_lib_init_getenv_1                   0x00000123   Thumb Code     0  libinit2.o(.ARM.Collect$$libinit$$00000023)
    __rt_lib_init_heap_1                     0x00000123   Thumb Code     0  libinit2.o(.ARM.Collect$$libinit$$0000000A)
    __rt_lib_init_lc_collate_1               0x00000123   Thumb Code     0  libinit2.o(.ARM.Collect$$libinit$$00000011)
    __rt_lib_init_lc_ctype_1                 0x00000123   Thumb Code     0  libinit2.o(.ARM.Collect$$libinit$$00000013)
    __rt_lib_init_lc_monetary_1              0x00000123   Thumb Code     0  libinit2.o(.ARM.Collect$$libinit$$00000015)
    __rt_lib_init_lc_numeric_1               0x00000123   Thumb Code     0  libinit2.o(.ARM.Collect$$libinit$$00000017)
    __rt_lib_init_lc_time_1                  0x00000123   Thumb Code     0  libinit2.o(.ARM.Collect$$libinit$$00000019)
    __rt_lib_init_preinit_1                  0x00000123   Thumb Code     0  libinit2.o(.ARM.Collect$$libinit$$00000004)
    __rt_lib_init_rand_1                     0x00000123   Thumb Code     0  libinit2.o(.ARM.Collect$$libinit$$0000000E)
    __rt_lib_init_return                     0x00000123   Thumb Code     0  libinit2.o(.ARM.Collect$$libinit$$00000033)
    __rt_lib_init_signal_1                   0x00000123   Thumb Code     0  libinit2.o(.ARM.Collect$$libinit$$0000001D)
    __rt_lib_init_stdio_1                    0x00000123   Thumb Code     0  libinit2.o(.ARM.Collect$$libinit$$00000025)
    __rt_lib_init_user_alloc_1               0x00000123   Thumb Code     0  libinit2.o(.ARM.Collect$$libinit$$0000000C)
    __rt_lib_shutdown                        0x00000125   Thumb Code     0  libshutdown.o(.ARM.Collect$$libshutdown$$00000000)
    __rt_lib_shutdown_cpp_1                  0x00000127   Thumb Code     0  libshutdown2.o(.ARM.Collect$$libshutdown$$00000004)
    __rt_lib_shutdown_fini_1                 0x00000127   Thumb Code     0  libshutdown2.o(.ARM.Collect$$libshutdown$$00000002)
    __rt_lib_shutdown_fp_trap_1              0x00000127   Thumb Code     0  libshutdown2.o(.ARM.Collect$$libshutdown$$00000009)
    __rt_lib_shutdown_heap_1                 0x00000127   Thumb Code     0  libshutdown2.o(.ARM.Collect$$libshutdown$$00000011)
    __rt_lib_shutdown_return                 0x00000127   Thumb Code     0  libshutdown2.o(.ARM.Collect$$libshutdown$$00000012)
    __rt_lib_shutdown_signal_1               0x00000127   Thumb Code     0  libshutdown2.o(.ARM.Collect$$libshutdown$$0000000C)
    __rt_lib_shutdown_stdio_1                0x00000127   Thumb Code     0  libshutdown2.o(.ARM.Collect$$libshutdown$$00000006)
    __rt_lib_shutdown_user_alloc_1           0x00000127   Thumb Code     0  libshutdown2.o(.ARM.Collect$$libshutdown$$0000000E)
    __rt_entry                               0x00000129   Thumb Code     0  __rtentry.o(.ARM.Collect$$rtentry$$00000000)
    __rt_entry_presh_1                       0x00000129   Thumb Code     0  __rtentry2.o(.ARM.Collect$$rtentry$$00000002)
    __rt_entry_sh                            0x00000129   Thumb Code     0  __rtentry4.o(.ARM.Collect$$rtentry$$00000004)
    __rt_entry_li                            0x0000012f   Thumb Code     0  __rtentry2.o(.ARM.Collect$$rtentry$$0000000A)
    __rt_entry_postsh_1                      0x0000012f   Thumb Code     0  __rtentry2.o(.ARM.Collect$$rtentry$$00000009)
    __rt_entry_main                          0x00000133   Thumb Code     0  __rtentry2.o(.ARM.Collect$$rtentry$$0000000D)
    __rt_entry_postli_1                      0x00000133   Thumb Code     0  __rtentry2.o(.ARM.Collect$$rtentry$$0000000C)
    __rt_exit                                0x0000013b   Thumb Code     0  rtexit.o(.ARM.Collect$$rtexit$$00000000)
    __rt_exit_ls                             0x0000013d   Thumb Code     0  rtexit2.o(.ARM.Collect$$rtexit$$00000003)
    __rt_exit_prels_1                        0x0000013d   Thumb Code     0  rtexit2.o(.ARM.Collect$$rtexit$$00000002)
    __rt_exit_exit                           0x00000141   Thumb Code     0  rtexit2.o(.ARM.Collect$$rtexit$$00000004)
    Reset_Handler                            0x00000149   Thumb Code    12  startup_a31g21x.o(.text)
    NMI_Handler                              0x00000155   Thumb Code     2  startup_a31g21x.o(.text)
    SVC_Handler                              0x00000159   Thumb Code     2  startup_a31g21x.o(.text)
    PendSV_Handler                           0x0000015b   Thumb Code     2  startup_a31g21x.o(.text)
    ADC_IRQHandler                           0x0000015f   Thumb Code     0  startup_a31g21x.o(.text)
    CRC_IRQHandler                           0x0000015f   Thumb Code     0  startup_a31g21x.o(.text)
    GPIOAB_IRQHandler                        0x0000015f   Thumb Code     0  startup_a31g21x.o(.text)
    GPIOCD_IRQHandler                        0x0000015f   Thumb Code     0  startup_a31g21x.o(.text)
    GPIOE_IRQHandler                         0x0000015f   Thumb Code     0  startup_a31g21x.o(.text)
    GPIOF_IRQHandler                         0x0000015f   Thumb Code     0  startup_a31g21x.o(.text)
    I2C0_IRQHandler                          0x0000015f   Thumb Code     0  startup_a31g21x.o(.text)
    I2C1_IRQHandler                          0x0000015f   Thumb Code     0  startup_a31g21x.o(.text)
    LED_IRQHandler                           0x0000015f   Thumb Code     0  startup_a31g21x.o(.text)
    LVI_IRQHandler                           0x0000015f   Thumb Code     0  startup_a31g21x.o(.text)
    SPI20_IRQHandler                         0x0000015f   Thumb Code     0  startup_a31g21x.o(.text)
    SPI21_IRQHandler                         0x0000015f   Thumb Code     0  startup_a31g21x.o(.text)
    SYSCLKFAIL_IRQHandler                    0x0000015f   Thumb Code     0  startup_a31g21x.o(.text)
    TIMER11_IRQHandler                       0x0000015f   Thumb Code     0  startup_a31g21x.o(.text)
    TIMER12_IRQHandler                       0x0000015f   Thumb Code     0  startup_a31g21x.o(.text)
    TIMER13_IRQHandler                       0x0000015f   Thumb Code     0  startup_a31g21x.o(.text)
    TIMER20_IRQHandler                       0x0000015f   Thumb Code     0  startup_a31g21x.o(.text)
    TIMER21_IRQHandler                       0x0000015f   Thumb Code     0  startup_a31g21x.o(.text)
    TIMER30_IRQHandler                       0x0000015f   Thumb Code     0  startup_a31g21x.o(.text)
    TOUCH_IRQHandler                         0x0000015f   Thumb Code     0  startup_a31g21x.o(.text)
    UART0_IRQHandler                         0x0000015f   Thumb Code     0  startup_a31g21x.o(.text)
    UART1_IRQHandler                         0x0000015f   Thumb Code     0  startup_a31g21x.o(.text)
    USART10_IRQHandler                       0x0000015f   Thumb Code     0  startup_a31g21x.o(.text)
    WDT_IRQHandler                           0x0000015f   Thumb Code     0  startup_a31g21x.o(.text)
    WT_IRQHandler                            0x0000015f   Thumb Code     0  startup_a31g21x.o(.text)
    __user_initial_stackheap                 0x00000161   Thumb Code     0  startup_a31g21x.o(.text)
    __aeabi_uidiv                            0x00000185   Thumb Code     0  aeabi_sdiv.o(.text)
    __aeabi_uidivmod                         0x00000185   Thumb Code    20  aeabi_sdiv.o(.text)
    __aeabi_idiv                             0x00000199   Thumb Code     0  aeabi_sdiv.o(.text)
    __aeabi_idivmod                          0x00000199   Thumb Code   326  aeabi_sdiv.o(.text)
    __use_two_region_memory                  0x000002df   Thumb Code     2  heapauxi.o(.text)
    __rt_heap_escrow$2region                 0x000002e1   Thumb Code     2  heapauxi.o(.text)
    __rt_heap_expand$2region                 0x000002e3   Thumb Code     2  heapauxi.o(.text)
    __aeabi_fdiv                             0x000002e5   Thumb Code     0  fdiv.o(.text)
    _fdiv                                    0x000002e5   Thumb Code   334  fdiv.o(.text)
    _frdiv                                   0x00000433   Thumb Code     8  fdiv.o(.text)
    __aeabi_f2iz                             0x00000445   Thumb Code     0  ffixi.o(.text)
    _ffix                                    0x00000445   Thumb Code    76  ffixi.o(.text)
    __aeabi_i2f_normalise                    0x00000491   Thumb Code    72  fflti.o(.text)
    __aeabi_i2f                              0x000004d9   Thumb Code    16  fflti.o(.text)
    _fflt                                    0x000004d9   Thumb Code     0  fflti.o(.text)
    __aeabi_ui2f                             0x000004e9   Thumb Code     6  fflti.o(.text)
    _ffltu                                   0x000004e9   Thumb Code     0  fflti.o(.text)
    __user_setup_stackheap                   0x000004ef   Thumb Code    62  sys_stackheap_outer.o(.text)
    exit                                     0x0000052d   Thumb Code    16  exit.o(.text)
    __user_libspace                          0x0000053d   Thumb Code     8  libspace.o(.text)
    __user_perproc_libspace                  0x0000053d   Thumb Code     0  libspace.o(.text)
    __user_perthread_libspace                0x0000053d   Thumb Code     0  libspace.o(.text)
    _sys_exit                                0x00000545   Thumb Code     8  sys_exit.o(.text)
    __I$use$semihosting                      0x00000551   Thumb Code     0  use_no_semi.o(.text)
    __use_no_semihosting_swi                 0x00000551   Thumb Code     2  use_no_semi.o(.text)
    __decompress                             0x00000553   Thumb Code     0  __dczerorl.o(.text)
    __decompress0                            0x00000553   Thumb Code    58  __dczerorl.o(.text)
    __semihosting_library_function           0x00000553   Thumb Code     0  indicate_semi.o(.text)
    ADC_Configure                            0x0000058d   Thumb Code    54  hal.o(i.ADC_Configure)
    Error_Handler                            0x000005d1   Thumb Code    20  hal.o(i.Error_Handler)
    FMC_WriteEraseRun                        0x000005e5   Thumb Code    10  app_ctl.o(i.FMC_WriteEraseRun)
    FND_Seg                                  0x000005f1   Thumb Code   150  fnd.o(i.FND_Seg)
    FND_loop                                 0x00000691   Thumb Code   276  fnd.o(i.FND_loop)
    GPIO_Configure                           0x000007c5   Thumb Code   848  hal.o(i.GPIO_Configure)
    HAL_ADC_ChannelSel                       0x00000b2d   Thumb Code    20  a31g21x_hal_adc.o(i.HAL_ADC_ChannelSel)
    HAL_ADC_ClearStatus                      0x00000b41   Thumb Code    14  a31g21x_hal_adc.o(i.HAL_ADC_ClearStatus)
    HAL_ADC_ConfigInterrupt                  0x00000b4f   Thumb Code    30  a31g21x_hal_adc.o(i.HAL_ADC_ConfigInterrupt)
    HAL_ADC_GetData                          0x00000b6d   Thumb Code    12  a31g21x_hal_adc.o(i.HAL_ADC_GetData)
    HAL_ADC_GetStatus                        0x00000b79   Thumb Code    10  a31g21x_hal_adc.o(i.HAL_ADC_GetStatus)
    HAL_ADC_Init                             0x00000b83   Thumb Code   104  a31g21x_hal_adc.o(i.HAL_ADC_Init)
    HAL_ADC_Start                            0x00000beb   Thumb Code    24  a31g21x_hal_adc.o(i.HAL_ADC_Start)
    HAL_GPIO_ClearPin                        0x00000c05   Thumb Code    26  a31g21x_hal_pcu.o(i.HAL_GPIO_ClearPin)
    HAL_GPIO_ConfigFunction                  0x00000c25   Thumb Code    58  a31g21x_hal_pcu.o(i.HAL_GPIO_ConfigFunction)
    HAL_GPIO_ConfigOutput                    0x00000c65   Thumb Code    86  a31g21x_hal_pcu.o(i.HAL_GPIO_ConfigOutput)
    HAL_GPIO_ConfigPullup                    0x00000cc1   Thumb Code    54  a31g21x_hal_pcu.o(i.HAL_GPIO_ConfigPullup)
    HAL_I2C_DeInit                           0x00000cfd   Thumb Code    68  a31g21x_hal_i2c.o(i.HAL_I2C_DeInit)
    HAL_I2C_Init                             0x00000d49   Thumb Code   180  a31g21x_hal_i2c.o(i.HAL_I2C_Init)
    HAL_SCU_ClearResetStatus                 0x00000e09   Thumb Code     8  a31g21x_hal_scu.o(i.HAL_SCU_ClearResetStatus)
    HAL_SCU_HSI_ClockConfig                  0x00000e11   Thumb Code    28  a31g21x_hal_scu.o(i.HAL_SCU_HSI_ClockConfig)
    HAL_SCU_LSI_ClockConfig                  0x00000e35   Thumb Code    30  a31g21x_hal_scu.o(i.HAL_SCU_LSI_ClockConfig)
    HAL_SCU_SetResetSrc                      0x00000e5d   Thumb Code    32  a31g21x_hal_scu.o(i.HAL_SCU_SetResetSrc)
    HAL_SCU_Timer1n_ClockConfig              0x00000e7d   Thumb Code    26  a31g21x_hal_scu.o(i.HAL_SCU_Timer1n_ClockConfig)
    HAL_SCU_Timer30_ClockConfig              0x00000e97   Thumb Code    26  a31g21x_hal_scu.o(i.HAL_SCU_Timer30_ClockConfig)
    HAL_SCU_WDT_ClockConfig                  0x00000eb1   Thumb Code    26  a31g21x_hal_scu.o(i.HAL_SCU_WDT_ClockConfig)
    HAL_TIMER1n_ClearMatchInterrupt          0x00000ecb   Thumb Code    14  a31g21x_hal_timer1n.o(i.HAL_TIMER1n_ClearMatchInterrupt)
    HAL_TIMER1n_Cmd                          0x00000ed9   Thumb Code    30  a31g21x_hal_timer1n.o(i.HAL_TIMER1n_Cmd)
    HAL_TIMER1n_ConfigInterrupt              0x00000ef7   Thumb Code    48  a31g21x_hal_timer1n.o(i.HAL_TIMER1n_ConfigInterrupt)
    HAL_TIMER1n_GetMatchInterrupt            0x00000f27   Thumb Code    20  a31g21x_hal_timer1n.o(i.HAL_TIMER1n_GetMatchInterrupt)
    HAL_TIMER1n_Init                         0x00000f3d   Thumb Code   432  a31g21x_hal_timer1n.o(i.HAL_TIMER1n_Init)
    HAL_TIMER3n_Init                         0x000010fd   Thumb Code    82  a31g21x_hal_timer30.o(i.HAL_TIMER3n_Init)
    HAL_TIMER3n_OutputCtrl                   0x00001151   Thumb Code    30  a31g21x_hal_timer30.o(i.HAL_TIMER3n_OutputCtrl)
    HAL_TIMER3n_SetADuty                     0x00001175   Thumb Code    10  a31g21x_hal_timer30.o(i.HAL_TIMER3n_SetADuty)
    HAL_TIMER3n_SetPeriod                    0x0000117f   Thumb Code    10  a31g21x_hal_timer30.o(i.HAL_TIMER3n_SetPeriod)
    HAL_TIMER3n_Start                        0x00001189   Thumb Code    34  a31g21x_hal_timer30.o(i.HAL_TIMER3n_Start)
    HAL_USART_ConfigInterrupt                0x000011ab   Thumb Code    68  a31g21x_hal_usart1n.o(i.HAL_USART_ConfigInterrupt)
    HAL_USART_Enable                         0x000011ef   Thumb Code    30  a31g21x_hal_usart1n.o(i.HAL_USART_Enable)
    HAL_USART_Init                           0x0000120d   Thumb Code   354  a31g21x_hal_usart1n.o(i.HAL_USART_Init)
    HAL_USART_ReceiveByte                    0x00001381   Thumb Code     8  a31g21x_hal_usart1n.o(i.HAL_USART_ReceiveByte)
    HAL_USART_UART_Mode_Config               0x00001389   Thumb Code    24  a31g21x_hal_usart1n.o(i.HAL_USART_UART_Mode_Config)
    HAL_USART_set_divisors                   0x000013a1   Thumb Code    28  a31g21x_hal_usart1n.o(i.HAL_USART_set_divisors)
    HAL_WDT_Init                             0x000013c1   Thumb Code    62  a31g21x_hal_wdt.o(i.HAL_WDT_Init)
    HAL_WDT_Start                            0x00001409   Thumb Code    40  a31g21x_hal_wdt.o(i.HAL_WDT_Start)
    HardFault_Handler                        0x00001439   Thumb Code     4  irq.o(i.HardFault_Handler)
    I2C_Configure                            0x0000143d   Thumb Code    28  hal.o(i.I2C_Configure)
    I2C_read                                 0x00001469   Thumb Code   444  hal.o(i.I2C_read)
    I2C_write                                0x00001629   Thumb Code   328  hal.o(i.I2C_write)
    Init                                     0x00001775   Thumb Code    12  init.o(i.Init)
    Init_GPIO                                0x00001781   Thumb Code   476  init.o(i.Init_GPIO)
    IsEmpty                                  0x00001999   Thumb Code    24  queue.o(i.IsEmpty)
    IsFull                                   0x000019b9   Thumb Code    36  queue.o(i.IsFull)
    ProgramPage                              0x00001ae9   Thumb Code   152  flash.o(i.ProgramPage)
    SysTick_ExceptionHandler_IT              0x00001b8d   Thumb Code    80  main.o(i.SysTick_ExceptionHandler_IT)
    SysTick_Handler                          0x00001bed   Thumb Code     8  irq.o(i.SysTick_Handler)
    SystemClock_Config                       0x00001bf5   Thumb Code   164  systemclock.o(i.SystemClock_Config)
    SystemCoreClockUpdate                    0x00001cbd   Thumb Code    12  system_a31g21x.o(i.SystemCoreClockUpdate)
    SystemInit                               0x00001cd5   Thumb Code    38  system_a31g21x.o(i.SystemInit)
    TIMER10_IRQHandler                       0x00001d19   Thumb Code     8  irq.o(i.TIMER10_IRQHandler)
    TIMER10_IRQHandler_IT                    0x00001d21   Thumb Code    86  hal.o(i.TIMER10_IRQHandler_IT)
    TIMER1n_Configure                        0x00001d89   Thumb Code    80  hal.o(i.TIMER1n_Configure)
    TIMER3n_Configure                        0x00001de5   Thumb Code    60  hal.o(i.TIMER3n_Configure)
    UART11_IRQHandler_IT                     0x00001e31   Thumb Code    30  hal.o(i.UART11_IRQHandler_IT)
    UART_USART11Configure                    0x00001e55   Thumb Code    78  hal.o(i.UART_USART11Configure)
    USART11_IRQHandler                       0x00001eb1   Thumb Code     8  irq.o(i.USART11_IRQHandler)
    WDT_Configure                            0x00001eb9   Thumb Code    66  hal.o(i.WDT_Configure)
    WDT_ResetRun                             0x00001f09   Thumb Code    10  hal.o(i.WDT_ResetRun)
    __ARM_common_switch8                     0x00001f13   Thumb Code    28  app_ctl.o(i.__ARM_common_switch8)
    __FLASH_ALL_ENABLE                       0x00001f31   Thumb Code    20  flash.o(i.__FLASH_ALL_ENABLE)
    addq                                     0x00001f49   Thumb Code    40  queue.o(i.addq)
    analysis_packet                          0x00001f79   Thumb Code   608  modbus.o(i.analysis_packet)
    app_data_reset                           0x00002201   Thumb Code    42  app_data.o(i.app_data_reset)
    app_task                                 0x00002235   Thumb Code    72  app_ctl.o(i.app_task)
    beep_alram                               0x00002281   Thumb Code    38  sound.o(i.beep_alram)
    beep_buzzer                              0x000022b9   Thumb Code    42  sound.o(i.beep_buzzer)
    beep_on                                  0x000022fd   Thumb Code    20  sound.o(i.beep_on)
    beep_stop                                0x00002315   Thumb Code    12  sound.o(i.beep_stop)
    cheak_data                               0x00002329   Thumb Code    22  app_data.o(i.cheak_data)
    crc16_modbus                             0x00002345   Thumb Code    42  modbus.o(i.crc16_modbus)
    crc16_modbus_with_size                   0x00002379   Thumb Code    40  modbus.o(i.crc16_modbus_with_size)
    crrent_sensor_onoff                      0x000023a5   Thumb Code    98  sensor.o(i.crrent_sensor_onoff)
    decrease_msdelay1                        0x00002415   Thumb Code    20  hal.o(i.decrease_msdelay1)
    delay                                    0x0000242d   Thumb Code    12  hal.o(i.delay)
    deleteq                                  0x00002439   Thumb Code    46  queue.o(i.deleteq)
    escape_msdelay1                          0x00002471   Thumb Code    16  hal.o(i.escape_msdelay1)
    fnd_put                                  0x00002485   Thumb Code   206  fnd.o(i.fnd_put)
    fnd_put_line                             0x00002565   Thumb Code   156  fnd.o(i.fnd_put_line)
    fnd_put_point                            0x00002611   Thumb Code    22  fnd.o(i.fnd_put_point)
    fnd_set_blink                            0x0000262d   Thumb Code     6  fnd.o(i.fnd_set_blink)
    format_eeprom                            0x00002639   Thumb Code    44  app_data.o(i.format_eeprom)
    get_ADC_data                             0x0000266d   Thumb Code    50  hal.o(i.get_ADC_data)
    get_app_data                             0x000026a5   Thumb Code    10  app_data.o(i.get_app_data)
    get_app_data_ch                          0x000026b5   Thumb Code    12  app_data.o(i.get_app_data_ch)
    get_auto_rcv_off                         0x000026c5   Thumb Code     6  app_normal.o(i.get_auto_rcv_off)
    get_avg                                  0x000026d1   Thumb Code    36  sensor.o(i.get_avg)
    get_avg_f                                0x000026f5   Thumb Code    48  sensor.o(i.get_avg_f)
    get_charging_high_impedance              0x00002725   Thumb Code    18  sensor.o(i.get_charging_high_impedance)
    get_charging_low_impedance               0x0000273d   Thumb Code    18  sensor.o(i.get_charging_low_impedance)
    get_diff_dis_impedance                   0x00002755   Thumb Code    10  app_sensing.o(i.get_diff_dis_impedance)
    get_key                                  0x00002765   Thumb Code    12  key.o(i.get_key)
    get_last_err_code                        0x00002775   Thumb Code    12  modbus.o(i.get_last_err_code)
    get_snr_st                               0x00002785   Thumb Code   834  app_sensing.o(i.get_snr_st)
    get_snr_state_modbud                     0x00002afd   Thumb Code    62  app_normal.o(i.get_snr_state_modbud)
    get_snr_total_impedance                  0x00002b41   Thumb Code    12  app_sensing.o(i.get_snr_total_impedance)
    get_sys_config_bit                       0x00002b51   Thumb Code    18  app_data.o(i.get_sys_config_bit)
    hal_get_key                              0x00002b69   Thumb Code    32  hal.o(i.hal_get_key)
    init                                     0x00002b89   Thumb Code   186  app_ctl.o(i.init)
    is_sensor_ready                          0x00002c51   Thumb Code     6  sensor.o(i.is_sensor_ready)
    itoa                                     0x00002c5d   Thumb Code    84  fnd.o(i.itoa)
    key_loop                                 0x00002cb1   Thumb Code   352  key.o(i.key_loop)
    load_all_data                            0x00002e2d   Thumb Code    42  app_data.o(i.load_all_data)
    load_data                                0x00002e5d   Thumb Code    92  app_data.o(i.load_data)
    main                                     0x00002ec1   Thumb Code   168  main.o(i.main)
    memory_map_update                        0x00002f85   Thumb Code   116  modbus.o(i.memory_map_update)
    modbus_loop                              0x00002ffd   Thumb Code   516  modbus.o(i.modbus_loop)
    modbus_save_data                         0x00003231   Thumb Code    84  modbus.o(i.modbus_save_data)
    modbus_time_out                          0x00003285   Thumb Code    52  modbus.o(i.modbus_time_out)
    modbus_time_refresh                      0x000032c9   Thumb Code     8  modbus.o(i.modbus_time_refresh)
    normal                                   0x000032d5   Thumb Code   356  app_normal.o(i.normal)
    opening_buzzer                           0x0000347d   Thumb Code    54  sound.o(i.opening_buzzer)
    relay_out                                0x000034d1   Thumb Code    24  io.o(i.relay_out)
    save_data                                0x000034e9   Thumb Code    92  app_data.o(i.save_data)
    send_errorcode                           0x0000354d   Thumb Code    72  modbus.o(i.send_errorcode)
    send_packet                              0x0000359d   Thumb Code   150  modbus.o(i.send_packet)
    send_reg                                 0x00003641   Thumb Code   144  modbus.o(i.send_reg)
    send_respone_single_reg                  0x000036d9   Thumb Code   104  modbus.o(i.send_respone_single_reg)
    send_single_data                         0x00003749   Thumb Code    92  modbus.o(i.send_single_data)
    sensing                                  0x000037ad   Thumb Code    42  sensor.o(i.sensing)
    sensing_loop                             0x000037dd   Thumb Code   562  sensor.o(i.sensing_loop)
    set_app_data                             0x00003a5d   Thumb Code    24  app_data.o(i.set_app_data)
    set_app_data_ch                          0x00003a79   Thumb Code    30  app_data.o(i.set_app_data_ch)
    set_msdelay1                             0x00003a9d   Thumb Code     6  hal.o(i.set_msdelay1)
    set_sensor_enable                        0x00003aa9   Thumb Code    60  sensor.o(i.set_sensor_enable)
    set_sensor_on                            0x00003ae9   Thumb Code    36  sensor.o(i.set_sensor_on)
    set_sensor_sw_enable                     0x00003b11   Thumb Code    32  sensor.o(i.set_sensor_sw_enable)
    set_sys_config_bit                       0x00003b39   Thumb Code    50  app_data.o(i.set_sys_config_bit)
    setting                                  0x00003b71   Thumb Code   106  app_setting.o(i.setting)
    setting_broken_chk                       0x00003be5   Thumb Code   164  app_setting.o(i.setting_broken_chk)
    setting_broken_sv1                       0x00003ca9   Thumb Code   362  app_setting.o(i.setting_broken_sv1)
    setting_broken_sv2                       0x00003e31   Thumb Code   362  app_setting.o(i.setting_broken_sv2)
    setting_buzzer                           0x00003fb9   Thumb Code   176  app_setting.o(i.setting_buzzer)
    setting_exit                             0x00004089   Thumb Code    52  app_setting.o(i.setting_exit)
    setting_factort_reset                    0x000040c5   Thumb Code   344  app_setting.o(i.setting_factort_reset)
    setting_h2o_dry                          0x00004239   Thumb Code   164  app_setting.o(i.setting_h2o_dry)
    setting_h2o_rel                          0x000042fd   Thumb Code   158  app_setting.o(i.setting_h2o_rel)
    setting_modbus_id                        0x000043bd   Thumb Code   346  app_setting.o(i.setting_modbus_id)
    setting_modbus_v                         0x00004535   Thumb Code   192  app_setting.o(i.setting_modbus_v)
    setting_normal1                          0x0000461d   Thumb Code   362  app_setting.o(i.setting_normal1)
    setting_normal2                          0x000047a5   Thumb Code   362  app_setting.o(i.setting_normal2)
    setting_recovery_md                      0x0000492d   Thumb Code   164  app_setting.o(i.setting_recovery_md)
    setting_relay_out_md                     0x000049f1   Thumb Code   158  app_setting.o(i.setting_relay_out_md)
    setting_short_chk                        0x00004ab1   Thumb Code   164  app_setting.o(i.setting_short_chk)
    setting_short_sv1                        0x00004b75   Thumb Code   362  app_setting.o(i.setting_short_sv1)
    setting_short_sv2                        0x00004cfd   Thumb Code   362  app_setting.o(i.setting_short_sv2)
    setting_snr_dt1                          0x00004e85   Thumb Code   358  app_setting.o(i.setting_snr_dt1)
    setting_snr_dt2                          0x0000500d   Thumb Code   358  app_setting.o(i.setting_snr_dt2)
    setting_snr_min1                         0x00005195   Thumb Code   362  app_setting.o(i.setting_snr_min1)
    setting_snr_min2                         0x0000531d   Thumb Code   362  app_setting.o(i.setting_snr_min2)
    setting_snr_pt1                          0x000054a5   Thumb Code   358  app_setting.o(i.setting_snr_pt1)
    setting_snr_pt2                          0x0000562d   Thumb Code   358  app_setting.o(i.setting_snr_pt2)
    setting_snr_sv_max1                      0x000057b5   Thumb Code   362  app_setting.o(i.setting_snr_sv_max1)
    setting_snr_sv_max2                      0x0000593d   Thumb Code   362  app_setting.o(i.setting_snr_sv_max2)
    sound_loop                               0x00005ac5   Thumb Code   192  sound.o(i.sound_loop)
    task_1000ms                              0x00005ba5   Thumb Code    24  app_ctl.o(i.task_1000ms)
    task_100ms                               0x00005bbd   Thumb Code    16  app_ctl.o(i.task_100ms)
    task_100us_interrupt                     0x00005bcd   Thumb Code     8  app_ctl.o(i.task_100us_interrupt)
    task_10ms                                0x00005bd5   Thumb Code     8  app_ctl.o(i.task_10ms)
    task_1ms                                 0x00005bdd   Thumb Code     8  app_ctl.o(i.task_1ms)
    task_1ms_interrupt                       0x00005be5   Thumb Code     8  app_ctl.o(i.task_1ms_interrupt)
    task_idle                                0x00005bed   Thumb Code     8  app_ctl.o(i.task_idle)
    task_start                               0x00005bf5   Thumb Code    28  app_ctl.o(i.task_start)
    tt_flash_iap_pgm                         0x00005c11   Thumb Code    24  hal.o(i.tt_flash_iap_pgm)
    uart_tx                                  0x00005c2d   Thumb Code    38  hal.o(i.uart_tx)
    update_st_data                           0x00005c59   Thumb Code    10  app_normal.o(i.update_st_data)
    update_st_error_t                        0x00005c69   Thumb Code   146  app_normal.o(i.update_st_error_t)
    update_st_relay                          0x00005d05   Thumb Code   644  app_normal.o(i.update_st_relay)
    __aeabi_fadd                             0x00005fa1   Thumb Code     0  faddsub.o(x$fpl$fadd)
    _fadd                                    0x00005fa1   Thumb Code   134  faddsub.o(x$fpl$fadd)
    __aeabi_fmul                             0x0000602d   Thumb Code     0  fmul.o(x$fpl$fmul)
    _fmul                                    0x0000602d   Thumb Code   172  fmul.o(x$fpl$fmul)
    __aeabi_fsub                             0x000060dd   Thumb Code     0  faddsub.o(x$fpl$fsub)
    _fsub                                    0x000060dd   Thumb Code   204  faddsub.o(x$fpl$fsub)
    __I$use$fp                               0x000061ac   Number         0  usenofp.o(x$fpl$usenofp)
    Region$$Table$$Base                      0x00006434   Number         0  anon$$obj.o(Region$$Table)
    Region$$Table$$Limit                     0x00006454   Number         0  anon$$obj.o(Region$$Table)
    reset                                    0x00007000   Data          50  app_data.o(.ARM.__AT_0x00007000)
    SystemCoreClock                          0x20000000   Data           4  system_a31g21x.o(.data)
    SystemPeriClock                          0x20000004   Data           4  system_a31g21x.o(.data)
    setting_func                             0x2000006c   Data         100  app_setting.o(.data)
    t_sensing                                0x2000018c   Data           2  sensor.o(.data)
    water_ref                                0x20000196   Data           2  sensor.o(.data)
    UsartBaseClock                           0x200001f4   Data           4  a31g21x_hal_usart1n.o(.data)
    __libspace_start                         0x20000328   Data          96  libspace.o(.bss)
    __temporary_stack_top$libspace           0x20000388   Data           0  libspace.o(.bss)



==============================================================================

Memory Map of the image

  Image Entry point : 0x000000c1

  Load Region LR_IROM1 (Base: 0x00000000, Size: 0x0000722c, Max: 0x00010000, ABSOLUTE, COMPRESSED[0x00007094])

    Execution Region ER_IROM1 (Exec base: 0x00000000, Load base: 0x00000000, Size: 0x00007034, Max: 0x00010000, ABSOLUTE)

    Exec Addr    Load Addr    Size         Type   Attr      Idx    E Section Name        Object

    0x00000000   0x00000000   0x000000c0   Data   RO         1559    RESET               startup_a31g21x.o
    0x000000c0   0x000000c0   0x00000008   Code   RO         2783  * !!!main             c_p.l(__main.o)
    0x000000c8   0x000000c8   0x0000003c   Code   RO         2972    !!!scatter          c_p.l(__scatter.o)
    0x00000104   0x00000104   0x0000001c   Code   RO         2974    !!handler_zi        c_p.l(__scatter_zi.o)
    0x00000120   0x00000120   0x00000002   Code   RO         2837    .ARM.Collect$$libinit$$00000000  c_p.l(libinit.o)
    0x00000122   0x00000122   0x00000000   Code   RO         2851    .ARM.Collect$$libinit$$00000002  c_p.l(libinit2.o)
    0x00000122   0x00000122   0x00000000   Code   RO         2853    .ARM.Collect$$libinit$$00000004  c_p.l(libinit2.o)
    0x00000122   0x00000122   0x00000000   Code   RO         2856    .ARM.Collect$$libinit$$0000000A  c_p.l(libinit2.o)
    0x00000122   0x00000122   0x00000000   Code   RO         2858    .ARM.Collect$$libinit$$0000000C  c_p.l(libinit2.o)
    0x00000122   0x00000122   0x00000000   Code   RO         2860    .ARM.Collect$$libinit$$0000000E  c_p.l(libinit2.o)
    0x00000122   0x00000122   0x00000000   Code   RO         2863    .ARM.Collect$$libinit$$00000011  c_p.l(libinit2.o)
    0x00000122   0x00000122   0x00000000   Code   RO         2865    .ARM.Collect$$libinit$$00000013  c_p.l(libinit2.o)
    0x00000122   0x00000122   0x00000000   Code   RO         2867    .ARM.Collect$$libinit$$00000015  c_p.l(libinit2.o)
    0x00000122   0x00000122   0x00000000   Code   RO         2869    .ARM.Collect$$libinit$$00000017  c_p.l(libinit2.o)
    0x00000122   0x00000122   0x00000000   Code   RO         2871    .ARM.Collect$$libinit$$00000019  c_p.l(libinit2.o)
    0x00000122   0x00000122   0x00000000   Code   RO         2873    .ARM.Collect$$libinit$$0000001B  c_p.l(libinit2.o)
    0x00000122   0x00000122   0x00000000   Code   RO         2875    .ARM.Collect$$libinit$$0000001D  c_p.l(libinit2.o)
    0x00000122   0x00000122   0x00000000   Code   RO         2877    .ARM.Collect$$libinit$$0000001F  c_p.l(libinit2.o)
    0x00000122   0x00000122   0x00000000   Code   RO         2879    .ARM.Collect$$libinit$$00000021  c_p.l(libinit2.o)
    0x00000122   0x00000122   0x00000000   Code   RO         2881    .ARM.Collect$$libinit$$00000023  c_p.l(libinit2.o)
    0x00000122   0x00000122   0x00000000   Code   RO         2883    .ARM.Collect$$libinit$$00000025  c_p.l(libinit2.o)
    0x00000122   0x00000122   0x00000000   Code   RO         2887    .ARM.Collect$$libinit$$0000002C  c_p.l(libinit2.o)
    0x00000122   0x00000122   0x00000000   Code   RO         2889    .ARM.Collect$$libinit$$0000002E  c_p.l(libinit2.o)
    0x00000122   0x00000122   0x00000000   Code   RO         2891    .ARM.Collect$$libinit$$00000030  c_p.l(libinit2.o)
    0x00000122   0x00000122   0x00000000   Code   RO         2893    .ARM.Collect$$libinit$$00000032  c_p.l(libinit2.o)
    0x00000122   0x00000122   0x00000002   Code   RO         2894    .ARM.Collect$$libinit$$00000033  c_p.l(libinit2.o)
    0x00000124   0x00000124   0x00000002   Code   RO         2925    .ARM.Collect$$libshutdown$$00000000  c_p.l(libshutdown.o)
    0x00000126   0x00000126   0x00000000   Code   RO         2951    .ARM.Collect$$libshutdown$$00000002  c_p.l(libshutdown2.o)
    0x00000126   0x00000126   0x00000000   Code   RO         2953    .ARM.Collect$$libshutdown$$00000004  c_p.l(libshutdown2.o)
    0x00000126   0x00000126   0x00000000   Code   RO         2955    .ARM.Collect$$libshutdown$$00000006  c_p.l(libshutdown2.o)
    0x00000126   0x00000126   0x00000000   Code   RO         2958    .ARM.Collect$$libshutdown$$00000009  c_p.l(libshutdown2.o)
    0x00000126   0x00000126   0x00000000   Code   RO         2961    .ARM.Collect$$libshutdown$$0000000C  c_p.l(libshutdown2.o)
    0x00000126   0x00000126   0x00000000   Code   RO         2963    .ARM.Collect$$libshutdown$$0000000E  c_p.l(libshutdown2.o)
    0x00000126   0x00000126   0x00000000   Code   RO         2966    .ARM.Collect$$libshutdown$$00000011  c_p.l(libshutdown2.o)
    0x00000126   0x00000126   0x00000002   Code   RO         2967    .ARM.Collect$$libshutdown$$00000012  c_p.l(libshutdown2.o)
    0x00000128   0x00000128   0x00000000   Code   RO         2800    .ARM.Collect$$rtentry$$00000000  c_p.l(__rtentry.o)
    0x00000128   0x00000128   0x00000000   Code   RO         2807    .ARM.Collect$$rtentry$$00000002  c_p.l(__rtentry2.o)
    0x00000128   0x00000128   0x00000006   Code   RO         2819    .ARM.Collect$$rtentry$$00000004  c_p.l(__rtentry4.o)
    0x0000012e   0x0000012e   0x00000000   Code   RO         2809    .ARM.Collect$$rtentry$$00000009  c_p.l(__rtentry2.o)
    0x0000012e   0x0000012e   0x00000004   Code   RO         2810    .ARM.Collect$$rtentry$$0000000A  c_p.l(__rtentry2.o)
    0x00000132   0x00000132   0x00000000   Code   RO         2812    .ARM.Collect$$rtentry$$0000000C  c_p.l(__rtentry2.o)
    0x00000132   0x00000132   0x00000008   Code   RO         2813    .ARM.Collect$$rtentry$$0000000D  c_p.l(__rtentry2.o)
    0x0000013a   0x0000013a   0x00000002   Code   RO         2842    .ARM.Collect$$rtexit$$00000000  c_p.l(rtexit.o)
    0x0000013c   0x0000013c   0x00000000   Code   RO         2898    .ARM.Collect$$rtexit$$00000002  c_p.l(rtexit2.o)
    0x0000013c   0x0000013c   0x00000004   Code   RO         2899    .ARM.Collect$$rtexit$$00000003  c_p.l(rtexit2.o)
    0x00000140   0x00000140   0x00000006   Code   RO         2900    .ARM.Collect$$rtexit$$00000004  c_p.l(rtexit2.o)
    0x00000146   0x00000146   0x00000002   PAD
    0x00000148   0x00000148   0x0000003c   Code   RO         1560    .text               startup_a31g21x.o
    0x00000184   0x00000184   0x0000015a   Code   RO         2777    .text               c_p.l(aeabi_sdiv.o)
    0x000002de   0x000002de   0x00000006   Code   RO         2781    .text               c_p.l(heapauxi.o)
    0x000002e4   0x000002e4   0x00000160   Code   RO         2791    .text               fz_ps.l(fdiv.o)
    0x00000444   0x00000444   0x0000004c   Code   RO         2794    .text               fz_ps.l(ffixi.o)
    0x00000490   0x00000490   0x0000005e   Code   RO         2796    .text               fz_ps.l(fflti.o)
    0x000004ee   0x000004ee   0x0000003e   Code   RO         2823    .text               c_p.l(sys_stackheap_outer.o)
    0x0000052c   0x0000052c   0x00000010   Code   RO         2826    .text               c_p.l(exit.o)
    0x0000053c   0x0000053c   0x00000008   Code   RO         2838    .text               c_p.l(libspace.o)
    0x00000544   0x00000544   0x0000000c   Code   RO         2895    .text               c_p.l(sys_exit.o)
    0x00000550   0x00000550   0x00000002   Code   RO         2914    .text               c_p.l(use_no_semi.o)
    0x00000552   0x00000552   0x00000000   Code   RO         2916    .text               c_p.l(indicate_semi.o)
    0x00000552   0x00000552   0x0000003a   Code   RO         2970    .text               c_p.l(__dczerorl.o)
    0x0000058c   0x0000058c   0x00000044   Code   RO          331    i.ADC_Configure     hal.o
    0x000005d0   0x000005d0   0x00000014   Code   RO          332    i.Error_Handler     hal.o
    0x000005e4   0x000005e4   0x0000000a   Code   RO          676    i.FMC_WriteEraseRun  app_ctl.o
    0x000005ee   0x000005ee   0x00000002   PAD
    0x000005f0   0x000005f0   0x000000a0   Code   RO         1482    i.FND_Seg           fnd.o
    0x00000690   0x00000690   0x00000134   Code   RO         1483    i.FND_loop          fnd.o
    0x000007c4   0x000007c4   0x00000368   Code   RO          333    i.GPIO_Configure    hal.o
    0x00000b2c   0x00000b2c   0x00000014   Code   RO         1566    i.HAL_ADC_ChannelSel  a31g21x_hal_adc.o
    0x00000b40   0x00000b40   0x0000000e   Code   RO         1567    i.HAL_ADC_ClearStatus  a31g21x_hal_adc.o
    0x00000b4e   0x00000b4e   0x0000001e   Code   RO         1568    i.HAL_ADC_ConfigInterrupt  a31g21x_hal_adc.o
    0x00000b6c   0x00000b6c   0x0000000c   Code   RO         1570    i.HAL_ADC_GetData   a31g21x_hal_adc.o
    0x00000b78   0x00000b78   0x0000000a   Code   RO         1571    i.HAL_ADC_GetStatus  a31g21x_hal_adc.o
    0x00000b82   0x00000b82   0x00000068   Code   RO         1572    i.HAL_ADC_Init      a31g21x_hal_adc.o
    0x00000bea   0x00000bea   0x00000018   Code   RO         1573    i.HAL_ADC_Start     a31g21x_hal_adc.o
    0x00000c02   0x00000c02   0x00000002   PAD
    0x00000c04   0x00000c04   0x00000020   Code   RO         1865    i.HAL_GPIO_ClearPin  a31g21x_hal_pcu.o
    0x00000c24   0x00000c24   0x00000040   Code   RO         1866    i.HAL_GPIO_ConfigFunction  a31g21x_hal_pcu.o
    0x00000c64   0x00000c64   0x0000005c   Code   RO         1868    i.HAL_GPIO_ConfigOutput  a31g21x_hal_pcu.o
    0x00000cc0   0x00000cc0   0x0000003c   Code   RO         1869    i.HAL_GPIO_ConfigPullup  a31g21x_hal_pcu.o
    0x00000cfc   0x00000cfc   0x0000004c   Code   RO         1730    i.HAL_I2C_DeInit    a31g21x_hal_i2c.o
    0x00000d48   0x00000d48   0x000000c0   Code   RO         1731    i.HAL_I2C_Init      a31g21x_hal_i2c.o
    0x00000e08   0x00000e08   0x00000008   Code   RO         1995    i.HAL_SCU_ClearResetStatus  a31g21x_hal_scu.o
    0x00000e10   0x00000e10   0x00000024   Code   RO         2003    i.HAL_SCU_HSI_ClockConfig  a31g21x_hal_scu.o
    0x00000e34   0x00000e34   0x00000028   Code   RO         2007    i.HAL_SCU_LSI_ClockConfig  a31g21x_hal_scu.o
    0x00000e5c   0x00000e5c   0x00000020   Code   RO         2015    i.HAL_SCU_SetResetSrc  a31g21x_hal_scu.o
    0x00000e7c   0x00000e7c   0x0000001a   Code   RO         2018    i.HAL_SCU_Timer1n_ClockConfig  a31g21x_hal_scu.o
    0x00000e96   0x00000e96   0x0000001a   Code   RO         2020    i.HAL_SCU_Timer30_ClockConfig  a31g21x_hal_scu.o
    0x00000eb0   0x00000eb0   0x0000001a   Code   RO         2021    i.HAL_SCU_WDT_ClockConfig  a31g21x_hal_scu.o
    0x00000eca   0x00000eca   0x0000000e   Code   RO         2185    i.HAL_TIMER1n_ClearMatchInterrupt  a31g21x_hal_timer1n.o
    0x00000ed8   0x00000ed8   0x0000001e   Code   RO         2186    i.HAL_TIMER1n_Cmd   a31g21x_hal_timer1n.o
    0x00000ef6   0x00000ef6   0x00000030   Code   RO         2187    i.HAL_TIMER1n_ConfigInterrupt  a31g21x_hal_timer1n.o
    0x00000f26   0x00000f26   0x00000014   Code   RO         2191    i.HAL_TIMER1n_GetMatchInterrupt  a31g21x_hal_timer1n.o
    0x00000f3a   0x00000f3a   0x00000002   PAD
    0x00000f3c   0x00000f3c   0x000001c0   Code   RO         2192    i.HAL_TIMER1n_Init  a31g21x_hal_timer1n.o
    0x000010fc   0x000010fc   0x00000052   Code   RO         2335    i.HAL_TIMER3n_Init  a31g21x_hal_timer30.o
    0x0000114e   0x0000114e   0x00000002   PAD
    0x00001150   0x00001150   0x00000024   Code   RO         2337    i.HAL_TIMER3n_OutputCtrl  a31g21x_hal_timer30.o
    0x00001174   0x00001174   0x0000000a   Code   RO         2339    i.HAL_TIMER3n_SetADuty  a31g21x_hal_timer30.o
    0x0000117e   0x0000117e   0x0000000a   Code   RO         2344    i.HAL_TIMER3n_SetPeriod  a31g21x_hal_timer30.o
    0x00001188   0x00001188   0x00000022   Code   RO         2345    i.HAL_TIMER3n_Start  a31g21x_hal_timer30.o
    0x000011aa   0x000011aa   0x00000044   Code   RO         2538    i.HAL_USART_ConfigInterrupt  a31g21x_hal_usart1n.o
    0x000011ee   0x000011ee   0x0000001e   Code   RO         2541    i.HAL_USART_Enable  a31g21x_hal_usart1n.o
    0x0000120c   0x0000120c   0x00000174   Code   RO         2543    i.HAL_USART_Init    a31g21x_hal_usart1n.o
    0x00001380   0x00001380   0x00000008   Code   RO         2545    i.HAL_USART_ReceiveByte  a31g21x_hal_usart1n.o
    0x00001388   0x00001388   0x00000018   Code   RO         2549    i.HAL_USART_UART_Mode_Config  a31g21x_hal_usart1n.o
    0x000013a0   0x000013a0   0x00000020   Code   RO         2551    i.HAL_USART_set_divisors  a31g21x_hal_usart1n.o
    0x000013c0   0x000013c0   0x00000048   Code   RO         2654    i.HAL_WDT_Init      a31g21x_hal_wdt.o
    0x00001408   0x00001408   0x00000030   Code   RO         2656    i.HAL_WDT_Start     a31g21x_hal_wdt.o
    0x00001438   0x00001438   0x00000004   Code   RO          211    i.HardFault_Handler  irq.o
    0x0000143c   0x0000143c   0x0000002c   Code   RO          334    i.I2C_Configure     hal.o
    0x00001468   0x00001468   0x000001c0   Code   RO          335    i.I2C_read          hal.o
    0x00001628   0x00001628   0x0000014c   Code   RO          336    i.I2C_write         hal.o
    0x00001774   0x00001774   0x0000000c   Code   RO           56    i.Init              init.o
    0x00001780   0x00001780   0x00000218   Code   RO           57    i.Init_GPIO         init.o
    0x00001998   0x00001998   0x00000020   Code   RO         1125    i.IsEmpty           queue.o
    0x000019b8   0x000019b8   0x0000002c   Code   RO         1126    i.IsFull            queue.o
    0x000019e4   0x000019e4   0x00000014   Code   RO          337    i.NVIC_EnableIRQ    hal.o
    0x000019f8   0x000019f8   0x00000078   Code   RO          140    i.NVIC_SetPriority  main.o
    0x00001a70   0x00001a70   0x00000078   Code   RO          338    i.NVIC_SetPriority  hal.o
    0x00001ae8   0x00001ae8   0x000000a4   Code   RO         1433    i.ProgramPage       flash.o
    0x00001b8c   0x00001b8c   0x00000060   Code   RO          141    i.SysTick_ExceptionHandler_IT  main.o
    0x00001bec   0x00001bec   0x00000008   Code   RO          212    i.SysTick_Handler   irq.o
    0x00001bf4   0x00001bf4   0x000000c8   Code   RO          249    i.SystemClock_Config  systemclock.o
    0x00001cbc   0x00001cbc   0x00000018   Code   RO            3    i.SystemCoreClockUpdate  system_a31g21x.o
    0x00001cd4   0x00001cd4   0x00000044   Code   RO            4    i.SystemInit        system_a31g21x.o
    0x00001d18   0x00001d18   0x00000008   Code   RO          213    i.TIMER10_IRQHandler  irq.o
    0x00001d20   0x00001d20   0x00000068   Code   RO          339    i.TIMER10_IRQHandler_IT  hal.o
    0x00001d88   0x00001d88   0x0000005c   Code   RO          340    i.TIMER1n_Configure  hal.o
    0x00001de4   0x00001de4   0x0000004c   Code   RO          341    i.TIMER3n_Configure  hal.o
    0x00001e30   0x00001e30   0x00000024   Code   RO          342    i.UART11_IRQHandler_IT  hal.o
    0x00001e54   0x00001e54   0x0000005c   Code   RO          343    i.UART_USART11Configure  hal.o
    0x00001eb0   0x00001eb0   0x00000008   Code   RO          214    i.USART11_IRQHandler  irq.o
    0x00001eb8   0x00001eb8   0x00000050   Code   RO          344    i.WDT_Configure     hal.o
    0x00001f08   0x00001f08   0x0000000a   Code   RO          346    i.WDT_ResetRun      hal.o
    0x00001f12   0x00001f12   0x0000001c   Code   RO          755    i.__ARM_common_switch8  app_ctl.o
    0x00001f2e   0x00001f2e   0x00000002   PAD
    0x00001f30   0x00001f30   0x00000018   Code   RO         1435    i.__FLASH_ALL_ENABLE  flash.o
    0x00001f48   0x00001f48   0x00000030   Code   RO         1127    i.addq              queue.o
    0x00001f78   0x00001f78   0x00000288   Code   RO         1312    i.analysis_packet   modbus.o
    0x00002200   0x00002200   0x00000034   Code   RO         1025    i.app_data_reset    app_data.o
    0x00002234   0x00002234   0x0000004c   Code   RO          677    i.app_task          app_ctl.o
    0x00002280   0x00002280   0x00000038   Code   RO          567    i.beep_alram        sound.o
    0x000022b8   0x000022b8   0x00000044   Code   RO          568    i.beep_buzzer       sound.o
    0x000022fc   0x000022fc   0x00000018   Code   RO          569    i.beep_on           sound.o
    0x00002314   0x00002314   0x00000014   Code   RO          570    i.beep_stop         sound.o
    0x00002328   0x00002328   0x0000001c   Code   RO         1026    i.cheak_data        app_data.o
    0x00002344   0x00002344   0x00000034   Code   RO         1313    i.crc16_modbus      modbus.o
    0x00002378   0x00002378   0x0000002c   Code   RO         1314    i.crc16_modbus_with_size  modbus.o
    0x000023a4   0x000023a4   0x00000070   Code   RO         1160    i.crrent_sensor_onoff  sensor.o
    0x00002414   0x00002414   0x00000018   Code   RO          349    i.decrease_msdelay1  hal.o
    0x0000242c   0x0000242c   0x0000000c   Code   RO          350    i.delay             hal.o
    0x00002438   0x00002438   0x00000038   Code   RO         1128    i.deleteq           queue.o
    0x00002470   0x00002470   0x00000014   Code   RO          351    i.escape_msdelay1   hal.o
    0x00002484   0x00002484   0x000000e0   Code   RO         1485    i.fnd_put           fnd.o
    0x00002564   0x00002564   0x000000ac   Code   RO         1486    i.fnd_put_line      fnd.o
    0x00002610   0x00002610   0x0000001c   Code   RO         1487    i.fnd_put_point     fnd.o
    0x0000262c   0x0000262c   0x0000000c   Code   RO         1488    i.fnd_set_blink     fnd.o
    0x00002638   0x00002638   0x00000034   Code   RO         1027    i.format_eeprom     app_data.o
    0x0000266c   0x0000266c   0x00000038   Code   RO          352    i.get_ADC_data      hal.o
    0x000026a4   0x000026a4   0x00000010   Code   RO         1028    i.get_app_data      app_data.o
    0x000026b4   0x000026b4   0x00000010   Code   RO         1029    i.get_app_data_ch   app_data.o
    0x000026c4   0x000026c4   0x0000000c   Code   RO          769    i.get_auto_rcv_off  app_normal.o
    0x000026d0   0x000026d0   0x00000024   Code   RO         1161    i.get_avg           sensor.o
    0x000026f4   0x000026f4   0x00000030   Code   RO         1162    i.get_avg_f         sensor.o
    0x00002724   0x00002724   0x00000018   Code   RO         1164    i.get_charging_high_impedance  sensor.o
    0x0000273c   0x0000273c   0x00000018   Code   RO         1165    i.get_charging_low_impedance  sensor.o
    0x00002754   0x00002754   0x00000010   Code   RO          629    i.get_diff_dis_impedance  app_sensing.o
    0x00002764   0x00002764   0x00000010   Code   RO          539    i.get_key           key.o
    0x00002774   0x00002774   0x00000010   Code   RO         1315    i.get_last_err_code  modbus.o
    0x00002784   0x00002784   0x00000378   Code   RO          631    i.get_snr_st        app_sensing.o
    0x00002afc   0x00002afc   0x00000044   Code   RO          770    i.get_snr_state_modbud  app_normal.o
    0x00002b40   0x00002b40   0x00000010   Code   RO          632    i.get_snr_total_impedance  app_sensing.o
    0x00002b50   0x00002b50   0x00000018   Code   RO         1031    i.get_sys_config_bit  app_data.o
    0x00002b68   0x00002b68   0x00000020   Code   RO          354    i.hal_get_key       hal.o
    0x00002b88   0x00002b88   0x000000c8   Code   RO          678    i.init              app_ctl.o
    0x00002c50   0x00002c50   0x0000000c   Code   RO         1172    i.is_sensor_ready   sensor.o
    0x00002c5c   0x00002c5c   0x00000054   Code   RO         1490    i.itoa              fnd.o
    0x00002cb0   0x00002cb0   0x0000017c   Code   RO          540    i.key_loop          key.o
    0x00002e2c   0x00002e2c   0x00000030   Code   RO         1032    i.load_all_data     app_data.o
    0x00002e5c   0x00002e5c   0x00000064   Code   RO         1033    i.load_data         app_data.o
    0x00002ec0   0x00002ec0   0x000000c4   Code   RO          143    i.main              main.o
    0x00002f84   0x00002f84   0x00000078   Code   RO         1319    i.memory_map_update  modbus.o
    0x00002ffc   0x00002ffc   0x00000234   Code   RO         1320    i.modbus_loop       modbus.o
    0x00003230   0x00003230   0x00000054   Code   RO         1321    i.modbus_save_data  modbus.o
    0x00003284   0x00003284   0x00000044   Code   RO         1322    i.modbus_time_out   modbus.o
    0x000032c8   0x000032c8   0x0000000c   Code   RO         1323    i.modbus_time_refresh  modbus.o
    0x000032d4   0x000032d4   0x000001a8   Code   RO          771    i.normal            app_normal.o
    0x0000347c   0x0000347c   0x00000054   Code   RO          572    i.opening_buzzer    sound.o
    0x000034d0   0x000034d0   0x00000018   Code   RO         1292    i.relay_out         io.o
    0x000034e8   0x000034e8   0x00000064   Code   RO         1034    i.save_data         app_data.o
    0x0000354c   0x0000354c   0x00000050   Code   RO         1324    i.send_errorcode    modbus.o
    0x0000359c   0x0000359c   0x000000a4   Code   RO         1325    i.send_packet       modbus.o
    0x00003640   0x00003640   0x00000098   Code   RO         1326    i.send_reg          modbus.o
    0x000036d8   0x000036d8   0x00000070   Code   RO         1327    i.send_respone_single_reg  modbus.o
    0x00003748   0x00003748   0x00000064   Code   RO         1328    i.send_single_data  modbus.o
    0x000037ac   0x000037ac   0x00000030   Code   RO         1174    i.sensing           sensor.o
    0x000037dc   0x000037dc   0x00000280   Code   RO         1175    i.sensing_loop      sensor.o
    0x00003a5c   0x00003a5c   0x0000001c   Code   RO         1035    i.set_app_data      app_data.o
    0x00003a78   0x00003a78   0x00000024   Code   RO         1036    i.set_app_data_ch   app_data.o
    0x00003a9c   0x00003a9c   0x0000000c   Code   RO          356    i.set_msdelay1      hal.o
    0x00003aa8   0x00003aa8   0x00000040   Code   RO         1176    i.set_sensor_enable  sensor.o
    0x00003ae8   0x00003ae8   0x00000028   Code   RO         1177    i.set_sensor_on     sensor.o
    0x00003b10   0x00003b10   0x00000028   Code   RO         1178    i.set_sensor_sw_enable  sensor.o
    0x00003b38   0x00003b38   0x00000038   Code   RO         1038    i.set_sys_config_bit  app_data.o
    0x00003b70   0x00003b70   0x00000074   Code   RO          824    i.setting           app_setting.o
    0x00003be4   0x00003be4   0x000000c4   Code   RO          825    i.setting_broken_chk  app_setting.o
    0x00003ca8   0x00003ca8   0x00000188   Code   RO          826    i.setting_broken_sv1  app_setting.o
    0x00003e30   0x00003e30   0x00000188   Code   RO          827    i.setting_broken_sv2  app_setting.o
    0x00003fb8   0x00003fb8   0x000000d0   Code   RO          828    i.setting_buzzer    app_setting.o
    0x00004088   0x00004088   0x0000003c   Code   RO          831    i.setting_exit      app_setting.o
    0x000040c4   0x000040c4   0x00000174   Code   RO          832    i.setting_factort_reset  app_setting.o
    0x00004238   0x00004238   0x000000c4   Code   RO          833    i.setting_h2o_dry   app_setting.o
    0x000042fc   0x000042fc   0x000000c0   Code   RO          834    i.setting_h2o_rel   app_setting.o
    0x000043bc   0x000043bc   0x00000178   Code   RO          837    i.setting_modbus_id  app_setting.o
    0x00004534   0x00004534   0x000000e8   Code   RO          838    i.setting_modbus_v  app_setting.o
    0x0000461c   0x0000461c   0x00000188   Code   RO          839    i.setting_normal1   app_setting.o
    0x000047a4   0x000047a4   0x00000188   Code   RO          840    i.setting_normal2   app_setting.o
    0x0000492c   0x0000492c   0x000000c4   Code   RO          841    i.setting_recovery_md  app_setting.o
    0x000049f0   0x000049f0   0x000000c0   Code   RO          842    i.setting_relay_out_md  app_setting.o
    0x00004ab0   0x00004ab0   0x000000c4   Code   RO          843    i.setting_short_chk  app_setting.o
    0x00004b74   0x00004b74   0x00000188   Code   RO          844    i.setting_short_sv1  app_setting.o
    0x00004cfc   0x00004cfc   0x00000188   Code   RO          845    i.setting_short_sv2  app_setting.o
    0x00004e84   0x00004e84   0x00000188   Code   RO          846    i.setting_snr_dt1   app_setting.o
    0x0000500c   0x0000500c   0x00000188   Code   RO          847    i.setting_snr_dt2   app_setting.o
    0x00005194   0x00005194   0x00000188   Code   RO          848    i.setting_snr_min1  app_setting.o
    0x0000531c   0x0000531c   0x00000188   Code   RO          849    i.setting_snr_min2  app_setting.o
    0x000054a4   0x000054a4   0x00000188   Code   RO          850    i.setting_snr_pt1   app_setting.o
    0x0000562c   0x0000562c   0x00000188   Code   RO          851    i.setting_snr_pt2   app_setting.o
    0x000057b4   0x000057b4   0x00000188   Code   RO          852    i.setting_snr_sv_max1  app_setting.o
    0x0000593c   0x0000593c   0x00000188   Code   RO          853    i.setting_snr_sv_max2  app_setting.o
    0x00005ac4   0x00005ac4   0x000000e0   Code   RO          573    i.sound_loop        sound.o
    0x00005ba4   0x00005ba4   0x00000018   Code   RO          679    i.task_1000ms       app_ctl.o
    0x00005bbc   0x00005bbc   0x00000010   Code   RO          680    i.task_100ms        app_ctl.o
    0x00005bcc   0x00005bcc   0x00000008   Code   RO          681    i.task_100us_interrupt  app_ctl.o
    0x00005bd4   0x00005bd4   0x00000008   Code   RO          682    i.task_10ms         app_ctl.o
    0x00005bdc   0x00005bdc   0x00000008   Code   RO          683    i.task_1ms          app_ctl.o
    0x00005be4   0x00005be4   0x00000008   Code   RO          684    i.task_1ms_interrupt  app_ctl.o
    0x00005bec   0x00005bec   0x00000008   Code   RO          685    i.task_idle         app_ctl.o
    0x00005bf4   0x00005bf4   0x0000001c   Code   RO          686    i.task_start        app_ctl.o
    0x00005c10   0x00005c10   0x0000001c   Code   RO          358    i.tt_flash_iap_pgm  hal.o
    0x00005c2c   0x00005c2c   0x0000002c   Code   RO          360    i.uart_tx           hal.o
    0x00005c58   0x00005c58   0x00000010   Code   RO          772    i.update_st_data    app_normal.o
    0x00005c68   0x00005c68   0x0000009c   Code   RO          773    i.update_st_error_t  app_normal.o
    0x00005d04   0x00005d04   0x0000029c   Code   RO          774    i.update_st_relay   app_normal.o
    0x00005fa0   0x00005fa0   0x0000008c   Code   RO         2785    x$fpl$fadd          fz_ps.l(faddsub.o)
    0x0000602c   0x0000602c   0x000000b0   Code   RO         2798    x$fpl$fmul          fz_ps.l(fmul.o)
    0x000060dc   0x000060dc   0x000000d0   Code   RO         2787    x$fpl$fsub          fz_ps.l(faddsub.o)
    0x000061ac   0x000061ac   0x00000000   Code   RO         2805    x$fpl$usenofp       fz_ps.l(usenofp.o)
    0x000061ac   0x000061ac   0x00000002   Data   RO          633    .constdata          app_sensing.o
    0x000061ae   0x000061ae   0x00000008   Data   RO          854    .constdata          app_setting.o
    0x000061b6   0x000061b6   0x00000200   Data   RO         1330    .constdata          modbus.o
    0x000063b6   0x000063b6   0x0000003e   Data   RO         1492    .constdata          fnd.o
    0x000063f4   0x000063f4   0x00000040   Data   RO         2792    .constdata          fz_ps.l(fdiv.o)
    0x00006434   0x00006434   0x00000020   Data   RO         2968    Region$$Table       anon$$obj.o
    0x00006454   0x00006454   0x00000bac   PAD
    0x00007000   0x00007000   0x00000032   Data   RO         1039    .ARM.__AT_0x00007000  app_data.o


    Execution Region RW_IRAM1 (Exec base: 0x20000000, Load base: 0x00007034, Size: 0x00000588, Max: 0x00001000, ABSOLUTE, COMPRESSED[0x00000060])

    Exec Addr    Load Addr    Size         Type   Attr      Idx    E Section Name        Object

    0x20000000   COMPRESSED   0x00000008   Data   RW            5    .data               system_a31g21x.o
    0x20000008   COMPRESSED   0x00000008   Data   RW          144    .data               main.o
    0x20000010   COMPRESSED   0x00000006   Data   RW          362    .data               hal.o
    0x20000016   COMPRESSED   0x00000008   Data   RW          541    .data               key.o
    0x2000001e   COMPRESSED   0x0000000a   Data   RW          575    .data               sound.o
    0x20000028   COMPRESSED   0x0000002a   Data   RW          634    .data               app_sensing.o
    0x20000052   COMPRESSED   0x00000002   Data   RW          688    .data               app_ctl.o
    0x20000054   COMPRESSED   0x00000017   Data   RW          775    .data               app_normal.o
    0x2000006b   COMPRESSED   0x00000001   PAD
    0x2000006c   COMPRESSED   0x00000118   Data   RW          855    .data               app_setting.o
    0x20000184   COMPRESSED   0x00000002   Data   RW         1130    .data               queue.o
    0x20000186   COMPRESSED   0x00000002   PAD
    0x20000188   COMPRESSED   0x0000004a   Data   RW         1180    .data               sensor.o
    0x200001d2   COMPRESSED   0x00000016   Data   RW         1331    .data               modbus.o
    0x200001e8   COMPRESSED   0x0000000b   Data   RW         1493    .data               fnd.o
    0x200001f3   COMPRESSED   0x00000001   PAD
    0x200001f4   COMPRESSED   0x00000004   Data   RW         2552    .data               a31g21x_hal_usart1n.o
    0x200001f8        -       0x00000050   Zero   RW          574    .bss                sound.o
    0x20000248        -       0x00000032   Zero   RW         1040    .bss                app_data.o
    0x2000027a        -       0x0000000a   Zero   RW         1129    .bss                queue.o
    0x20000284        -       0x00000010   Zero   RW         1179    .bss                sensor.o
    0x20000294        -       0x00000094   Zero   RW         1329    .bss                modbus.o
    0x20000328        -       0x00000060   Zero   RW         2839    .bss                c_p.l(libspace.o)
    0x20000388        -       0x00000000   Zero   RW         1558    HEAP                startup_a31g21x.o
    0x20000388        -       0x00000200   Zero   RW         1557    STACK               startup_a31g21x.o


==============================================================================

Image component sizes


      Code (inc. data)   RO Data    RW Data    ZI Data      Debug   Object Name

       214          0          0          0          0       4458   a31g21x_hal_adc.o
       268         20          0          0          0       1816   a31g21x_hal_i2c.o
       248         24          0          0          0       3026   a31g21x_hal_pcu.o
       194         18          0          0          0       3671   a31g21x_hal_scu.o
       560         16          0          0          0       3849   a31g21x_hal_timer1n.o
       172          6          0          0          0       3403   a31g21x_hal_timer30.o
       534         22          0          4          0       4495   a31g21x_hal_usart1n.o
       120         18          0          0          0       1071   a31g21x_hal_wdt.o
       422         26          0          2          0       5821   app_ctl.o
       556         78         50          0         50       7470   app_data.o
      1344        156          0         23          0       4662   app_normal.o
       920         64          2         42          0       3480   app_sensing.o
      8020        780          8        280          0      21150   app_setting.o
       188         16          0          0          0       1235   flash.o
       988         88         62         11          0       5013   fnd.o
      2642        188          0          6          0      19195   hal.o
       548         60          0          0          0      10803   init.o
        24          0          0          0          0        464   io.o
        28          0          0          0          0       1632   irq.o
       396         32          0          8          0       1373   key.o
       412         54          0          8          0      10249   main.o
      2216        188        512         22        148       9762   modbus.o
       180         34          0          2         10       2480   queue.o
      1088        140          0         74         16       7287   sensor.o
       476        118          0         10         80       3343   sound.o
        60         26        192          0        512        664   startup_a31g21x.o
        92         42          0          8          0     137135   system_a31g21x.o
       200         36          0          0          0        941   systemclock.o

    ----------------------------------------------------------------------
     23120       2250       3848        504        816     279948   Object Totals
         0          0         32          0          0          0   (incl. Generated)
        10          0       2990          4          0          0   (incl. Padding)

    ----------------------------------------------------------------------

      Code (inc. data)   RO Data    RW Data    ZI Data      Debug   Library Member Name

        58          0          0          0          0          0   __dczerorl.o
         8          0          0          0          0         68   __main.o
         0          0          0          0          0          0   __rtentry.o
        12          0          0          0          0          0   __rtentry2.o
         6          0          0          0          0          0   __rtentry4.o
        60          8          0          0          0          0   __scatter.o
        28          0          0          0          0          0   __scatter_zi.o
       346          0          0          0          0         92   aeabi_sdiv.o
        16          0          0          0          0         68   exit.o
         6          0          0          0          0        136   heapauxi.o
         0          0          0          0          0          0   indicate_semi.o
         2          0          0          0          0          0   libinit.o
         2          0          0          0          0          0   libinit2.o
         2          0          0          0          0          0   libshutdown.o
         2          0          0          0          0          0   libshutdown2.o
         8          4          0          0         96         68   libspace.o
         2          0          0          0          0          0   rtexit.o
        10          0          0          0          0          0   rtexit2.o
        12          4          0          0          0         60   sys_exit.o
        62          0          0          0          0         80   sys_stackheap_outer.o
         2          0          0          0          0         68   use_no_semi.o
       348          8          0          0          0        160   faddsub.o
       352         10         64          0          0         92   fdiv.o
        76          0          0          0          0         68   ffixi.o
        94          0          0          0          0         92   fflti.o
       176          4          0          0          0         80   fmul.o
         0          0          0          0          0          0   usenofp.o

    ----------------------------------------------------------------------
      1692         38         64          0         96       1132   Library Totals
         2          0          0          0          0          0   (incl. Padding)

    ----------------------------------------------------------------------

      Code (inc. data)   RO Data    RW Data    ZI Data      Debug   Library Name

       644         16          0          0         96        640   c_p.l
      1046         22         64          0          0        492   fz_ps.l

    ----------------------------------------------------------------------
      1692         38         64          0         96       1132   Library Totals

    ----------------------------------------------------------------------

==============================================================================


      Code (inc. data)   RO Data    RW Data    ZI Data      Debug   

     24812       2288       3912        504        912     272952   Grand Totals
     24812       2288       3912         96        912     272952   ELF Image Totals (compressed)
     24812       2288       3912         96          0          0   ROM Totals

==============================================================================

    Total RO  Size (Code + RO Data)                28724 (  28.05kB)
    Total RW  Size (RW Data + ZI Data)              1416 (   1.38kB)
    Total ROM Size (Code + RO Data + RW Data)      28820 (  28.14kB)

==============================================================================

